device: mps
target network: ON (Nature 2015)
double DQN:     ON (van Hasselt 2016)
ep    10 | step     1221 | reward     6.88 | avg100    -1.86 | eps 0.989 | q     nan |   78.8 steps/s | 0.3 min
ep    20 | step     2473 | reward     3.04 | avg100    -2.96 | eps 0.978 | q     nan |   78.9 steps/s | 0.5 min
ep    30 | step     3891 | reward     9.20 | avg100    -1.88 | eps 0.965 | q     nan |   79.4 steps/s | 0.8 min
ep    40 | step     4913 | reward   -17.12 | avg100    -3.90 | eps 0.956 | q     nan |   79.3 steps/s | 1.0 min
froze 500 held-out states at step 5000
ep    50 | step     6284 | reward    -3.73 | avg100    -4.57 | eps 0.943 | q   -0.53 |   75.9 steps/s | 1.4 min
ep    60 | step     7672 | reward    -2.72 | avg100    -4.57 | eps 0.931 | q   -0.79 |   73.8 steps/s | 1.7 min
ep    70 | step     8878 | reward    -8.16 | avg100    -4.76 | eps 0.920 | q   -0.71 |   72.5 steps/s | 2.0 min
ep    80 | step     9992 | reward   -16.86 | avg100    -5.21 | eps 0.910 | q   -1.45 |   70.5 steps/s | 2.4 min
ep    90 | step    11047 | reward    -7.19 | avg100    -5.44 | eps 0.901 | q   -1.90 |   69.9 steps/s | 2.6 min
ep   100 | step    12364 | reward   -11.34 | avg100    -5.09 | eps 0.889 | q   -2.10 |   69.2 steps/s | 3.0 min
ep   110 | step    13604 | reward    -4.45 | avg100    -5.16 | eps 0.878 | q   -2.28 |   68.7 steps/s | 3.3 min
ep   120 | step    14777 | reward    14.06 | avg100    -4.91 | eps 0.867 | q   -2.60 |   68.2 steps/s | 3.6 min
ep   130 | step    15992 | reward     5.72 | avg100    -5.63 | eps 0.856 | q   -2.94 |   67.8 steps/s | 3.9 min
ep   140 | step    17103 | reward    -3.50 | avg100    -4.87 | eps 0.846 | q   -2.82 |   67.5 steps/s | 4.2 min
ep   150 | step    18652 | reward    -1.78 | avg100    -3.88 | eps 0.832 | q   -3.68 |   60.7 steps/s | 5.1 min
ep   160 | step    19952 | reward    -7.18 | avg100    -3.81 | eps 0.820 | q   -4.16 |   60.8 steps/s | 5.5 min
ep   170 | step    21095 | reward   -10.33 | avg100    -3.86 | eps 0.810 | q   -3.86 |   61.0 steps/s | 5.8 min
ep   180 | step    22303 | reward    -3.22 | avg100    -3.47 | eps 0.799 | q   -3.83 |   61.2 steps/s | 6.1 min
ep   190 | step    23598 | reward   -10.32 | avg100    -3.04 | eps 0.788 | q   -4.78 |   61.3 steps/s | 6.4 min
ep   200 | step    24935 | reward    -2.78 | avg100    -3.03 | eps 0.776 | q   -4.69 |   61.4 steps/s | 6.8 min
ep   210 | step    26055 | reward     7.75 | avg100    -3.27 | eps 0.766 | q   -4.68 |   61.5 steps/s | 7.1 min
ep   220 | step    27497 | reward    -4.54 | avg100    -2.83 | eps 0.753 | q   -5.76 |   57.8 steps/s | 7.9 min
ep   230 | step    29037 | reward    16.90 | avg100    -0.09 | eps 0.739 | q   -5.42 |   58.0 steps/s | 8.3 min
ep   240 | step    30395 | reward     1.77 | avg100    -0.00 | eps 0.726 | q   -6.51 |   58.3 steps/s | 8.7 min
ep   250 | step    31695 | reward     7.72 | avg100    -0.69 | eps 0.715 | q   -6.39 |   58.5 steps/s | 9.0 min
ep   260 | step    33011 | reward    -4.46 | avg100    -0.60 | eps 0.703 | q   -7.20 |   58.5 steps/s | 9.4 min
ep   270 | step    34215 | reward    -0.48 | avg100    -0.36 | eps 0.692 | q   -6.35 |   58.7 steps/s | 9.7 min
ep   280 | step    35721 | reward    48.44 | avg100     0.84 | eps 0.679 | q   -6.12 |   58.8 steps/s | 10.1 min
ep   290 | step    37239 | reward    17.90 | avg100     1.37 | eps 0.665 | q   -6.02 |   50.9 steps/s | 12.2 min
ep   300 | step    38759 | reward     0.74 | avg100     2.28 | eps 0.651 | q   -6.55 |   51.3 steps/s | 12.6 min
ep   310 | step    40121 | reward     8.92 | avg100     2.41 | eps 0.639 | q   -6.68 |   45.5 steps/s | 14.7 min
ep   320 | step    41708 | reward    -4.34 | avg100     2.76 | eps 0.625 | q   -8.69 |   46.0 steps/s | 15.1 min
ep   330 | step    43392 | reward    -7.60 | avg100     1.76 | eps 0.609 | q   -7.77 |   22.8 steps/s | 31.8 min
ep   340 | step    45179 | reward    24.87 | avg100     2.64 | eps 0.593 | q   -7.99 |   23.4 steps/s | 32.2 min
ep   350 | step    47020 | reward    23.81 | avg100     4.01 | eps 0.577 | q   -6.74 |   23.9 steps/s | 32.7 min
ep   360 | step    48588 | reward     0.38 | avg100     4.43 | eps 0.563 | q   -6.58 |   24.4 steps/s | 33.1 min
ep   370 | step    50432 | reward    10.91 | avg100     7.08 | eps 0.546 | q   -7.02 |   25.0 steps/s | 33.6 min
ep   380 | step    52185 | reward    -3.40 | avg100     7.72 | eps 0.530 | q   -6.62 |   25.5 steps/s | 34.1 min
ep   390 | step    54394 | reward    37.41 | avg100    12.18 | eps 0.510 | q   -6.11 |   26.1 steps/s | 34.7 min
ep   400 | step    56365 | reward    -6.20 | avg100    15.07 | eps 0.493 | q   -6.03 |   26.6 steps/s | 35.3 min
ep   410 | step    58147 | reward    78.57 | avg100    18.76 | eps 0.477 | q   -6.82 |   27.1 steps/s | 35.8 min
ep   420 | step    59920 | reward    71.78 | avg100    22.54 | eps 0.461 | q   -5.93 |   27.5 steps/s | 36.3 min
ep   430 | step    61775 | reward    48.47 | avg100    25.83 | eps 0.444 | q   -6.85 |   28.0 steps/s | 36.8 min
ep   440 | step    63288 | reward    26.36 | avg100    28.31 | eps 0.430 | q   -6.01 |   28.4 steps/s | 37.2 min
ep   450 | step    65069 | reward   113.33 | avg100    33.63 | eps 0.414 | q   -5.29 |   28.8 steps/s | 37.7 min
ep   460 | step    67260 | reward   158.62 | avg100    47.75 | eps 0.395 | q   -5.93 |   29.3 steps/s | 38.3 min
ep   470 | step    69543 | reward   302.93 | avg100    64.30 | eps 0.374 | q   -5.75 |   29.8 steps/s | 39.0 min
ep   480 | step    71640 | reward   123.05 | avg100    77.80 | eps 0.355 | q   -3.81 |   30.2 steps/s | 39.6 min
ep   490 | step    73545 | reward    10.30 | avg100    81.44 | eps 0.338 | q   -4.57 |   30.5 steps/s | 40.1 min
ep   500 | step    75710 | reward   199.30 | avg100    89.46 | eps 0.319 | q   -3.27 |   30.9 steps/s | 40.8 min
ep   510 | step    78133 | reward   107.01 | avg100   105.41 | eps 0.297 | q   -5.99 |   31.4 steps/s | 41.5 min
ep   520 | step    80608 | reward   225.09 | avg100   118.34 | eps 0.275 | q   -1.92 |   31.8 steps/s | 42.3 min
ep   530 | step    82899 | reward   199.32 | avg100   133.53 | eps 0.254 | q   -1.62 |   32.1 steps/s | 43.0 min
ep   540 | step    85339 | reward   175.17 | avg100   153.77 | eps 0.232 | q    3.12 |   32.5 steps/s | 43.8 min
ep   550 | step    87839 | reward   255.48 | avg100   177.52 | eps 0.209 | q    2.75 |   32.8 steps/s | 44.6 min
ep   560 | step    90125 | reward   331.68 | avg100   185.49 | eps 0.189 | q    3.65 |   32.6 steps/s | 46.1 min
ep   570 | step    92503 | reward   410.07 | avg100   208.01 | eps 0.167 | q    7.91 |   31.6 steps/s | 48.8 min
ep   580 | step    94907 | reward   224.07 | avg100   230.18 | eps 0.146 | q    6.94 |   30.8 steps/s | 51.4 min
ep   590 | step    97369 | reward   546.84 | avg100   261.37 | eps 0.124 | q   12.91 |   30.0 steps/s | 54.2 min
ep   600 | step    99849 | reward   242.49 | avg100   291.48 | eps 0.101 | q   15.86 |   29.2 steps/s | 57.0 min
ep   610 | step   102349 | reward   433.33 | avg100   317.85 | eps 0.100 | q   19.75 |   28.5 steps/s | 59.8 min
ep   620 | step   104727 | reward   637.18 | avg100   344.27 | eps 0.100 | q   25.86 |   28.0 steps/s | 62.4 min
ep   630 | step   107190 | reward   591.49 | avg100   375.53 | eps 0.100 | q   33.17 |   27.4 steps/s | 65.2 min
ep   640 | step   109503 | reward   266.53 | avg100   396.10 | eps 0.100 | q   31.70 |   26.9 steps/s | 67.9 min
ep   650 | step   112003 | reward   566.62 | avg100   423.46 | eps 0.100 | q   38.97 |   26.4 steps/s | 70.7 min
ep   660 | step   114310 | reward   567.88 | avg100   436.80 | eps 0.100 | q   43.11 |   26.0 steps/s | 73.3 min
ep   670 | step   116590 | reward   805.80 | avg100   441.20 | eps 0.100 | q   44.06 |   25.7 steps/s | 75.5 min
ep   680 | step   118980 | reward   353.22 | avg100   455.88 | eps 0.100 | q   49.57 |   24.5 steps/s | 80.9 min
ep   690 | step   121410 | reward   265.77 | avg100   463.57 | eps 0.100 | q   55.15 |   24.3 steps/s | 83.2 min
ep   700 | step   123751 | reward   573.40 | avg100   464.07 | eps 0.100 | q   56.89 |   21.4 steps/s | 96.2 min
ep   710 | step   125810 | reward   449.03 | avg100   464.75 | eps 0.100 | q   74.53 |   21.7 steps/s | 96.8 min
ep   720 | step   128217 | reward   777.89 | avg100   473.40 | eps 0.100 | q   70.11 |   21.9 steps/s | 97.5 min
ep   730 | step   130650 | reward   718.18 | avg100   478.67 | eps 0.100 | q   78.52 |   22.2 steps/s | 98.2 min
ep   740 | step   133068 | reward   654.84 | avg100   492.94 | eps 0.100 | q   73.60 |   22.4 steps/s | 98.9 min
ep   750 | step   135177 | reward   295.94 | avg100   472.65 | eps 0.100 | q   84.72 |   22.6 steps/s | 99.5 min
ep   760 | step   137502 | reward   292.51 | avg100   486.45 | eps 0.100 | q   75.10 |   22.9 steps/s | 100.2 min
ep   770 | step   139895 | reward   517.77 | avg100   494.45 | eps 0.100 | q   97.07 |   23.1 steps/s | 100.9 min
ep   780 | step   142245 | reward   827.71 | avg100   492.69 | eps 0.100 | q   88.39 |   23.3 steps/s | 101.6 min
ep   790 | step   144674 | reward   824.40 | avg100   504.86 | eps 0.100 | q  109.16 |   23.6 steps/s | 102.3 min
ep   800 | step   147116 | reward   315.26 | avg100   518.31 | eps 0.100 | q  107.58 |   23.8 steps/s | 103.1 min
ep   810 | step   149568 | reward   368.04 | avg100   527.65 | eps 0.100 | q  106.68 |   24.0 steps/s | 103.8 min
ep   820 | step   151991 | reward   517.98 | avg100   520.50 | eps 0.100 | q  111.27 |   24.2 steps/s | 104.6 min
ep   830 | step   154451 | reward   398.42 | avg100   520.78 | eps 0.100 | q  105.77 |   24.4 steps/s | 105.4 min
ep   840 | step   156735 | reward   773.65 | avg100   510.86 | eps 0.100 | q  117.78 |   24.4 steps/s | 106.8 min
ep   850 | step   159173 | reward   568.66 | avg100   535.74 | eps 0.100 | q  133.23 |   24.2 steps/s | 109.6 min
ep   860 | step   161541 | reward   655.40 | avg100   540.90 | eps 0.100 | q  118.38 |   24.0 steps/s | 112.2 min
ep   870 | step   163996 | reward   383.66 | avg100   542.69 | eps 0.100 | q  130.19 |   23.8 steps/s | 115.0 min
ep   880 | step   166496 | reward   452.29 | avg100   559.81 | eps 0.100 | q  134.78 |   23.6 steps/s | 117.8 min
ep   890 | step   168934 | reward   465.36 | avg100   556.02 | eps 0.100 | q  132.38 |   23.4 steps/s | 120.5 min
ep   900 | step   171279 | reward   853.31 | avg100   565.59 | eps 0.100 | q  151.02 |   23.2 steps/s | 123.1 min
ep   910 | step   173779 | reward   743.45 | avg100   573.07 | eps 0.100 | q  161.39 |   23.0 steps/s | 125.9 min
ep   920 | step   176165 | reward   141.30 | avg100   582.13 | eps 0.100 | q  147.51 |   22.8 steps/s | 128.6 min
ep   930 | step   178615 | reward   417.73 | avg100   589.00 | eps 0.100 | q  164.49 |   22.7 steps/s | 131.4 min
ep   940 | step   181110 | reward   826.83 | avg100   604.38 | eps 0.100 | q  167.19 |   22.5 steps/s | 134.1 min
ep   950 | step   183497 | reward   704.35 | avg100   596.82 | eps 0.100 | q  175.57 |   22.4 steps/s | 136.8 min
ep   960 | step   185760 | reward   234.05 | avg100   597.43 | eps 0.100 | q  171.87 |   22.2 steps/s | 139.3 min
ep   970 | step   188260 | reward   743.00 | avg100   615.78 | eps 0.100 | q  190.81 |   22.1 steps/s | 142.1 min
ep   980 | step   190742 | reward   238.39 | avg100   608.21 | eps 0.100 | q  188.41 |   21.9 steps/s | 144.9 min
ep   990 | step   193214 | reward   660.87 | avg100   623.46 | eps 0.100 | q  196.81 |   21.8 steps/s | 147.7 min
ep  1000 | step   195714 | reward   775.00 | avg100   632.56 | eps 0.100 | q  195.70 |   21.7 steps/s | 150.5 min
ep  1010 | step   198214 | reward   653.21 | avg100   633.83 | eps 0.100 | q  199.25 |   21.6 steps/s | 153.3 min
ep  1020 | step   200426 | reward   708.31 | avg100   640.30 | eps 0.100 | q  204.29 |   21.4 steps/s | 155.8 min
ep  1030 | step   202926 | reward   710.53 | avg100   647.07 | eps 0.100 | q  206.38 |   21.3 steps/s | 158.5 min
ep  1040 | step   205281 | reward   513.86 | avg100   646.49 | eps 0.100 | q  219.26 |   21.2 steps/s | 161.2 min
ep  1050 | step   207781 | reward   822.81 | avg100   665.77 | eps 0.100 | q  216.62 |   21.1 steps/s | 164.0 min
ep  1060 | step   210272 | reward   694.12 | avg100   684.34 | eps 0.100 | q  218.34 |   21.0 steps/s | 166.7 min
ep  1070 | step   212772 | reward   757.68 | avg100   687.16 | eps 0.100 | q  224.67 |   20.9 steps/s | 169.5 min
ep  1080 | step   215209 | reward   664.31 | avg100   697.18 | eps 0.100 | q  242.07 |   20.8 steps/s | 172.3 min
ep  1090 | step   217628 | reward   451.85 | avg100   687.67 | eps 0.100 | q  225.10 |   20.7 steps/s | 175.0 min
ep  1100 | step   220100 | reward   834.78 | avg100   689.27 | eps 0.100 | q  245.45 |   20.6 steps/s | 177.7 min
ep  1110 | step   222491 | reward   840.24 | avg100   697.84 | eps 0.100 | q  245.14 |   20.6 steps/s | 180.4 min
ep  1120 | step   224947 | reward   695.30 | avg100   706.10 | eps 0.100 | q  257.60 |   20.5 steps/s | 183.2 min
ep  1130 | step   227442 | reward   854.89 | avg100   712.63 | eps 0.100 | q  245.94 |   20.4 steps/s | 186.0 min
ep  1140 | step   229942 | reward   835.81 | avg100   726.76 | eps 0.100 | q  250.02 |   20.3 steps/s | 188.7 min
ep  1150 | step   232381 | reward   477.51 | avg100   720.85 | eps 0.100 | q  256.35 |   20.2 steps/s | 191.5 min
ep  1160 | step   234881 | reward   602.05 | avg100   720.63 | eps 0.100 | q  246.90 |   20.2 steps/s | 194.3 min
ep  1170 | step   237297 | reward   796.43 | avg100   715.04 | eps 0.100 | q  263.88 |   20.1 steps/s | 197.0 min
ep  1180 | step   239782 | reward   791.13 | avg100   723.25 | eps 0.100 | q  272.15 |   20.0 steps/s | 199.7 min
ep  1190 | step   242218 | reward   736.54 | avg100   748.15 | eps 0.100 | q  261.82 |   19.9 steps/s | 202.5 min
ep  1200 | step   244718 | reward   813.79 | avg100   752.62 | eps 0.100 | q  267.50 |   19.9 steps/s | 205.3 min
ep  1210 | step   247218 | reward   648.41 | avg100   754.23 | eps 0.100 | q  281.37 |   18.6 steps/s | 221.4 min
ep  1220 | step   249669 | reward   635.40 | avg100   759.56 | eps 0.100 | q  280.39 |   18.7 steps/s | 222.1 min
ep  1230 | step   252070 | reward   311.77 | avg100   751.49 | eps 0.100 | q  275.11 |   18.9 steps/s | 222.8 min
ep  1240 | step   254498 | reward   889.73 | avg100   753.22 | eps 0.100 | q  290.48 |   19.0 steps/s | 223.5 min
ep  1250 | step   256985 | reward   646.71 | avg100   759.31 | eps 0.100 | q  287.28 |   19.1 steps/s | 224.2 min
ep  1260 | step   259444 | reward   845.26 | avg100   764.73 | eps 0.100 | q  295.98 |   19.2 steps/s | 224.9 min
ep  1270 | step   261944 | reward   730.00 | avg100   775.58 | eps 0.100 | q  294.45 |   19.3 steps/s | 225.7 min
ep  1280 | step   264444 | reward   856.83 | avg100   773.79 | eps 0.100 | q  292.71 |   19.5 steps/s | 226.4 min
ep  1290 | step   266882 | reward   854.02 | avg100   760.26 | eps 0.100 | q  293.64 |   19.6 steps/s | 227.2 min
ep  1300 | step   269367 | reward   819.41 | avg100   757.28 | eps 0.100 | q  298.88 |   19.7 steps/s | 227.9 min
ep  1310 | step   271805 | reward   839.94 | avg100   753.96 | eps 0.100 | q  308.37 |   19.8 steps/s | 228.7 min
ep  1320 | step   274210 | reward   831.74 | avg100   747.73 | eps 0.100 | q  316.82 |   19.9 steps/s | 229.5 min
ep  1330 | step   276682 | reward   829.82 | avg100   761.56 | eps 0.100 | q  311.39 |   20.0 steps/s | 230.3 min
ep  1340 | step   279139 | reward   876.43 | avg100   764.73 | eps 0.100 | q  326.50 |   20.0 steps/s | 232.0 min
ep  1350 | step   281592 | reward   420.63 | avg100   767.10 | eps 0.100 | q  321.04 |   20.0 steps/s | 234.8 min
ep  1360 | step   284092 | reward   798.25 | avg100   769.15 | eps 0.100 | q  320.05 |   20.0 steps/s | 237.2 min
ep  1370 | step   286564 | reward   751.52 | avg100   760.82 | eps 0.100 | q  321.86 |   20.0 steps/s | 238.5 min
ep  1380 | step   288973 | reward   578.57 | avg100   751.22 | eps 0.100 | q  331.22 |   20.0 steps/s | 241.2 min
ep  1390 | step   291436 | reward   439.86 | avg100   747.61 | eps 0.100 | q  326.94 |   19.9 steps/s | 244.0 min
ep  1400 | step   293811 | reward   830.66 | avg100   745.30 | eps 0.100 | q  316.82 |   19.9 steps/s | 246.6 min
ep  1410 | step   296169 | reward   781.92 | avg100   733.59 | eps 0.100 | q  332.83 |   19.8 steps/s | 249.3 min
ep  1420 | step   298582 | reward   805.88 | avg100   740.28 | eps 0.100 | q  327.02 |   19.8 steps/s | 252.0 min
ep  1430 | step   301082 | reward   878.80 | avg100   737.59 | eps 0.100 | q  324.44 |   19.7 steps/s | 254.8 min
ep  1440 | step   303533 | reward   419.55 | avg100   728.16 | eps 0.100 | q  325.85 |   19.6 steps/s | 257.5 min
ep  1450 | step   305984 | reward   624.77 | avg100   726.24 | eps 0.100 | q  341.96 |   19.6 steps/s | 260.3 min
ep  1460 | step   308475 | reward   486.64 | avg100   722.48 | eps 0.100 | q  342.68 |   19.5 steps/s | 263.1 min
ep  1470 | step   310895 | reward   847.18 | avg100   721.14 | eps 0.100 | q  354.08 |   19.5 steps/s | 265.8 min
ep  1480 | step   313395 | reward   865.16 | avg100   732.05 | eps 0.100 | q  353.15 |   19.4 steps/s | 268.6 min
ep  1490 | step   315785 | reward   678.63 | avg100   735.59 | eps 0.100 | q  349.00 |   19.4 steps/s | 271.3 min
ep  1500 | step   318285 | reward   824.91 | avg100   734.84 | eps 0.100 | q  342.81 |   19.4 steps/s | 274.1 min
ep  1510 | step   320719 | reward   759.02 | avg100   738.79 | eps 0.100 | q  351.63 |   19.3 steps/s | 276.8 min
ep  1520 | step   323140 | reward   631.21 | avg100   732.16 | eps 0.100 | q  359.44 |   19.3 steps/s | 279.6 min
ep  1530 | step   325514 | reward   829.82 | avg100   724.08 | eps 0.100 | q  359.83 |   19.2 steps/s | 282.3 min
ep  1540 | step   327905 | reward  1020.20 | avg100   733.26 | eps 0.100 | q  356.11 |   19.2 steps/s | 285.0 min
ep  1550 | step   330400 | reward   825.53 | avg100   737.53 | eps 0.100 | q  345.43 |   19.1 steps/s | 287.9 min
ep  1560 | step   332773 | reward   857.30 | avg100   728.28 | eps 0.100 | q  342.12 |   19.1 steps/s | 290.6 min
ep  1570 | step   335237 | reward   851.05 | avg100   732.77 | eps 0.100 | q  339.36 |   19.0 steps/s | 293.4 min
ep  1580 | step   337631 | reward   792.47 | avg100   734.33 | eps 0.100 | q  340.27 |   19.0 steps/s | 296.1 min
ep  1590 | step   340131 | reward   798.95 | avg100   741.24 | eps 0.100 | q  342.66 |   19.0 steps/s | 298.9 min
ep  1600 | step   342631 | reward   873.33 | avg100   751.52 | eps 0.100 | q  335.45 |   18.9 steps/s | 301.7 min
ep  1610 | step   345016 | reward   864.54 | avg100   769.72 | eps 0.100 | q  344.70 |   18.9 steps/s | 304.4 min
ep  1620 | step   347490 | reward   880.69 | avg100   771.82 | eps 0.100 | q  343.59 |   18.9 steps/s | 307.2 min
ep  1630 | step   349989 | reward   584.40 | avg100   777.06 | eps 0.100 | q  356.61 |   18.8 steps/s | 310.0 min
ep  1640 | step   352397 | reward   888.28 | avg100   768.19 | eps 0.100 | q  344.78 |   18.8 steps/s | 312.7 min
ep  1650 | step   354826 | reward   808.20 | avg100   768.11 | eps 0.100 | q  357.31 |   18.7 steps/s | 315.4 min
ep  1660 | step   357230 | reward  1007.30 | avg100   781.87 | eps 0.100 | q  355.09 |   18.7 steps/s | 318.1 min
ep  1670 | step   359668 | reward  1005.10 | avg100   786.23 | eps 0.100 | q  355.99 |   18.7 steps/s | 320.8 min
ep  1680 | step   362022 | reward   281.50 | avg100   773.50 | eps 0.100 | q  357.68 |   18.7 steps/s | 323.5 min
ep  1690 | step   364522 | reward   862.33 | avg100   773.55 | eps 0.100 | q  353.50 |   18.6 steps/s | 326.3 min
ep  1700 | step   366872 | reward   796.32 | avg100   760.07 | eps 0.100 | q  360.81 |   18.6 steps/s | 329.0 min
ep  1710 | step   369331 | reward   678.91 | avg100   751.13 | eps 0.100 | q  370.76 |   18.6 steps/s | 331.8 min
ep  1720 | step   371761 | reward   893.38 | avg100   757.93 | eps 0.100 | q  367.35 |   18.5 steps/s | 334.5 min
ep  1730 | step   374179 | reward   847.76 | avg100   764.85 | eps 0.100 | q  381.27 |   18.5 steps/s | 337.2 min
ep  1740 | step   376544 | reward   831.03 | avg100   764.51 | eps 0.100 | q  375.37 |   18.5 steps/s | 339.9 min
ep  1750 | step   379022 | reward   874.19 | avg100   762.34 | eps 0.100 | q  369.32 |   18.4 steps/s | 342.7 min
ep  1760 | step   381302 | reward  1011.10 | avg100   747.31 | eps 0.100 | q  379.24 |   18.4 steps/s | 345.2 min
ep  1770 | step   383763 | reward   672.11 | avg100   746.55 | eps 0.100 | q  392.95 |   18.4 steps/s | 348.0 min
ep  1780 | step   386136 | reward   283.56 | avg100   753.49 | eps 0.100 | q  387.29 |   18.4 steps/s | 350.6 min
ep  1790 | step   388601 | reward   855.78 | avg100   761.86 | eps 0.100 | q  393.79 |   18.3 steps/s | 353.4 min
ep  1800 | step   391005 | reward   885.82 | avg100   763.87 | eps 0.100 | q  406.92 |   18.3 steps/s | 356.1 min
ep  1810 | step   393324 | reward   852.03 | avg100   757.71 | eps 0.100 | q  404.01 |   18.3 steps/s | 358.2 min
ep  1820 | step   395824 | reward   636.12 | avg100   756.70 | eps 0.100 | q  397.59 |   18.4 steps/s | 358.9 min
ep  1830 | step   398324 | reward   846.67 | avg100   753.76 | eps 0.100 | q  411.17 |   18.5 steps/s | 359.7 min

done (reached --steps). 400000 steps over 1836 episodes in 6.00 h (360.2 min). best avg100 786.23
