device: mps
target network: ON (Nature 2015)
double DQN:     OFF (standard max target)
ep    10 | step     1221 | reward     6.88 | avg100    -1.86 | eps 0.989 | q     nan |   81.8 steps/s | 0.2 min
ep    20 | step     2473 | reward     3.04 | avg100    -2.96 | eps 0.978 | q     nan |   81.4 steps/s | 0.5 min
ep    30 | step     3891 | reward     9.20 | avg100    -1.88 | eps 0.965 | q     nan |   80.5 steps/s | 0.8 min
ep    40 | step     4913 | reward   -17.12 | avg100    -3.90 | eps 0.956 | q     nan |   80.4 steps/s | 1.0 min
froze 500 held-out states at step 5000
ep    50 | step     6288 | reward    -2.01 | avg100    -4.53 | eps 0.943 | q   -0.47 |   76.7 steps/s | 1.4 min
ep    60 | step     7672 | reward    -3.52 | avg100    -4.53 | eps 0.931 | q   -0.70 |   74.7 steps/s | 1.7 min
ep    70 | step     8894 | reward    -3.09 | avg100    -4.72 | eps 0.920 | q   -0.82 |   73.4 steps/s | 2.0 min
ep    80 | step    10004 | reward   -19.31 | avg100    -5.15 | eps 0.910 | q   -1.07 |   72.5 steps/s | 2.3 min
ep    90 | step    11042 | reward    -7.19 | avg100    -5.51 | eps 0.901 | q   -1.48 |   71.9 steps/s | 2.6 min
ep   100 | step    12369 | reward   -11.34 | avg100    -5.43 | eps 0.889 | q   -1.42 |   71.2 steps/s | 2.9 min
ep   110 | step    13817 | reward     1.59 | avg100    -5.01 | eps 0.876 | q   -2.06 |   70.6 steps/s | 3.3 min
ep   120 | step    15053 | reward    -8.79 | avg100    -5.17 | eps 0.865 | q   -1.64 |   70.1 steps/s | 3.6 min
ep   130 | step    16185 | reward    -6.05 | avg100    -5.55 | eps 0.854 | q   -1.98 |   69.8 steps/s | 3.9 min
ep   140 | step    17385 | reward    -1.32 | avg100    -4.85 | eps 0.844 | q   -2.56 |   69.1 steps/s | 4.2 min
ep   150 | step    18709 | reward     3.77 | avg100    -4.34 | eps 0.832 | q   -2.79 |   68.5 steps/s | 4.6 min
ep   160 | step    19884 | reward    -2.81 | avg100    -4.25 | eps 0.821 | q   -2.79 |   68.2 steps/s | 4.9 min
ep   170 | step    21208 | reward   -19.23 | avg100    -3.75 | eps 0.809 | q   -2.13 |   67.9 steps/s | 5.2 min
ep   180 | step    22595 | reward     3.70 | avg100    -3.29 | eps 0.797 | q   -3.19 |   67.7 steps/s | 5.6 min
ep   190 | step    23879 | reward    -9.82 | avg100    -2.79 | eps 0.785 | q   -2.95 |   67.5 steps/s | 5.9 min
ep   200 | step    25156 | reward    12.01 | avg100    -2.16 | eps 0.774 | q   -3.26 |   67.4 steps/s | 6.2 min
ep   210 | step    26632 | reward    25.11 | avg100    -2.64 | eps 0.760 | q   -3.75 |   67.2 steps/s | 6.6 min
ep   220 | step    27831 | reward     8.95 | avg100    -2.47 | eps 0.750 | q   -3.92 |   67.1 steps/s | 6.9 min
ep   230 | step    29182 | reward   -16.74 | avg100    -1.55 | eps 0.737 | q   -4.19 |   66.9 steps/s | 7.3 min
ep   240 | step    30394 | reward   -12.17 | avg100    -1.84 | eps 0.726 | q   -4.33 |   66.8 steps/s | 7.6 min
ep   250 | step    31834 | reward     7.96 | avg100    -1.70 | eps 0.714 | q   -4.98 |   66.7 steps/s | 8.0 min
ep   260 | step    33158 | reward    -5.59 | avg100    -1.14 | eps 0.702 | q   -5.17 |   66.5 steps/s | 8.3 min
ep   270 | step    34544 | reward     1.63 | avg100    -1.42 | eps 0.689 | q   -4.37 |   66.4 steps/s | 8.7 min
ep   280 | step    35978 | reward    10.10 | avg100    -0.34 | eps 0.676 | q   -4.81 |   66.3 steps/s | 9.0 min
ep   290 | step    37412 | reward     5.60 | avg100     0.26 | eps 0.663 | q   -4.96 |   66.2 steps/s | 9.4 min
ep   300 | step    38860 | reward     7.34 | avg100     0.33 | eps 0.650 | q   -4.82 |   66.1 steps/s | 9.8 min
ep   310 | step    40378 | reward    32.84 | avg100     0.61 | eps 0.637 | q   -4.98 |   66.0 steps/s | 10.2 min
ep   320 | step    41936 | reward    19.35 | avg100     1.51 | eps 0.623 | q   -5.70 |   65.8 steps/s | 10.6 min
ep   330 | step    43388 | reward    -8.40 | avg100     0.94 | eps 0.610 | q   -5.60 |   65.7 steps/s | 11.0 min
ep   340 | step    44678 | reward    -9.98 | avg100     0.81 | eps 0.598 | q   -5.99 |   65.6 steps/s | 11.3 min
ep   350 | step    46128 | reward     8.87 | avg100     0.80 | eps 0.585 | q   -5.97 |   65.5 steps/s | 11.7 min
ep   360 | step    47569 | reward     9.38 | avg100     0.74 | eps 0.572 | q   -5.31 |   65.4 steps/s | 12.1 min
ep   370 | step    49034 | reward    18.75 | avg100     1.40 | eps 0.559 | q   -5.06 |   65.3 steps/s | 12.5 min
ep   380 | step    50950 | reward    29.82 | avg100     2.72 | eps 0.541 | q   -5.09 |   65.2 steps/s | 13.0 min
ep   390 | step    52347 | reward    -8.47 | avg100     2.76 | eps 0.529 | q   -5.40 |   65.0 steps/s | 13.4 min
ep   400 | step    54425 | reward    17.12 | avg100     5.18 | eps 0.510 | q   -5.36 |   64.9 steps/s | 14.0 min
ep   410 | step    56423 | reward    -0.62 | avg100     9.42 | eps 0.492 | q   -5.69 |   64.8 steps/s | 14.5 min
ep   420 | step    58069 | reward    12.69 | avg100    10.56 | eps 0.477 | q   -5.58 |   64.6 steps/s | 15.0 min
ep   430 | step    59596 | reward    78.58 | avg100    13.17 | eps 0.464 | q   -4.87 |   64.5 steps/s | 15.4 min
ep   440 | step    61448 | reward    14.24 | avg100    19.07 | eps 0.447 | q   -5.33 |   62.5 steps/s | 16.4 min
ep   450 | step    63419 | reward    -3.10 | avg100    25.46 | eps 0.429 | q   -4.11 |   62.4 steps/s | 16.9 min
ep   460 | step    65593 | reward    21.61 | avg100    33.50 | eps 0.410 | q   -6.05 |   62.3 steps/s | 17.5 min
ep   470 | step    67392 | reward    22.46 | avg100    41.43 | eps 0.393 | q   -6.06 |   62.3 steps/s | 18.0 min
ep   480 | step    69674 | reward    46.06 | avg100    53.96 | eps 0.373 | q   -5.89 |   62.3 steps/s | 18.7 min
ep   490 | step    71652 | reward    53.05 | avg100    62.52 | eps 0.355 | q   -5.51 |   62.1 steps/s | 19.2 min
ep   500 | step    73868 | reward   248.59 | avg100    77.72 | eps 0.335 | q   -4.73 |   62.1 steps/s | 19.8 min
ep   510 | step    75742 | reward    20.89 | avg100    81.57 | eps 0.318 | q   -5.26 |   62.0 steps/s | 20.4 min
ep   520 | step    77619 | reward    71.74 | avg100    87.32 | eps 0.301 | q   -6.52 |   61.9 steps/s | 20.9 min
ep   530 | step    79755 | reward   257.14 | avg100    95.78 | eps 0.282 | q   -3.88 |   61.8 steps/s | 21.5 min
ep   540 | step    81903 | reward    99.76 | avg100   104.78 | eps 0.263 | q   -2.06 |   61.8 steps/s | 22.1 min
ep   550 | step    83978 | reward   128.59 | avg100   115.01 | eps 0.244 | q   -2.07 |   61.7 steps/s | 22.7 min
ep   560 | step    86272 | reward    65.77 | avg100   126.46 | eps 0.224 | q   -2.44 |   60.3 steps/s | 23.8 min
ep   570 | step    88507 | reward    71.82 | avg100   132.28 | eps 0.203 | q    1.74 |   60.3 steps/s | 24.5 min
ep   580 | step    90902 | reward   338.27 | avg100   141.37 | eps 0.182 | q    5.55 |   60.3 steps/s | 25.1 min
ep   590 | step    93365 | reward   338.66 | avg100   162.17 | eps 0.160 | q    7.74 |   60.2 steps/s | 25.9 min
ep   600 | step    95682 | reward   237.33 | avg100   170.60 | eps 0.139 | q    7.33 |   60.1 steps/s | 26.5 min
ep   610 | step    98182 | reward   619.30 | avg100   203.63 | eps 0.116 | q   17.64 |   60.1 steps/s | 27.2 min
ep   620 | step   100580 | reward   256.95 | avg100   238.47 | eps 0.100 | q   19.40 |   59.9 steps/s | 28.0 min
ep   630 | step   103008 | reward   520.57 | avg100   274.55 | eps 0.100 | q   24.93 |   59.9 steps/s | 28.7 min
ep   640 | step   105337 | reward   425.16 | avg100   298.78 | eps 0.100 | q   24.95 |   59.8 steps/s | 29.3 min
ep   650 | step   107674 | reward   103.77 | avg100   324.99 | eps 0.100 | q   34.32 |   59.7 steps/s | 30.0 min
ep   660 | step   110174 | reward   681.02 | avg100   356.23 | eps 0.100 | q   43.31 |   59.7 steps/s | 30.8 min
ep   670 | step   112374 | reward   671.74 | avg100   379.81 | eps 0.100 | q   46.37 |   59.6 steps/s | 31.4 min
ep   680 | step   114700 | reward   144.07 | avg100   403.92 | eps 0.100 | q   42.57 |   59.6 steps/s | 32.1 min
ep   690 | step   117106 | reward   356.38 | avg100   416.62 | eps 0.100 | q   52.74 |   58.7 steps/s | 33.3 min
ep   700 | step   119606 | reward   745.12 | avg100   448.92 | eps 0.100 | q   48.37 |   58.7 steps/s | 34.0 min
ep   710 | step   121939 | reward   834.55 | avg100   454.91 | eps 0.100 | q   56.30 |   58.7 steps/s | 34.6 min
ep   720 | step   124128 | reward   289.14 | avg100   454.03 | eps 0.100 | q   62.24 |   57.8 steps/s | 35.8 min
ep   730 | step   126484 | reward   827.27 | avg100   460.52 | eps 0.100 | q   61.22 |   57.8 steps/s | 36.4 min
ep   740 | step   128741 | reward   257.43 | avg100   464.96 | eps 0.100 | q   81.57 |   57.8 steps/s | 37.1 min
ep   750 | step   130964 | reward   311.24 | avg100   465.38 | eps 0.100 | q   81.03 |   57.1 steps/s | 38.2 min
ep   760 | step   133163 | reward   254.22 | avg100   454.17 | eps 0.100 | q   78.79 |   57.1 steps/s | 38.9 min
ep   770 | step   135569 | reward   556.96 | avg100   474.03 | eps 0.100 | q   84.17 |   57.1 steps/s | 39.5 min
ep   780 | step   137935 | reward   646.59 | avg100   473.14 | eps 0.100 | q   90.19 |   56.5 steps/s | 40.7 min
ep   790 | step   140416 | reward   295.19 | avg100   486.37 | eps 0.100 | q  106.64 |   56.5 steps/s | 41.4 min
ep   800 | step   142754 | reward   293.91 | avg100   485.97 | eps 0.100 | q  104.31 |   55.9 steps/s | 42.6 min
ep   810 | step   145193 | reward   333.67 | avg100   500.80 | eps 0.100 | q  112.69 |   55.9 steps/s | 43.3 min
ep   820 | step   147292 | reward    66.30 | avg100   504.04 | eps 0.100 | q  123.38 |   55.9 steps/s | 43.9 min
ep   830 | step   149719 | reward   385.80 | avg100   497.83 | eps 0.100 | q  117.70 |   55.9 steps/s | 44.6 min
ep   840 | step   151962 | reward   513.72 | avg100   502.58 | eps 0.100 | q  118.88 |   55.9 steps/s | 45.3 min
ep   850 | step   154165 | reward    94.85 | avg100   509.01 | eps 0.100 | q  129.58 |   56.0 steps/s | 45.9 min
ep   860 | step   156474 | reward    86.68 | avg100   528.41 | eps 0.100 | q  132.37 |   56.0 steps/s | 46.6 min
ep   870 | step   158893 | reward   841.18 | avg100   532.25 | eps 0.100 | q  129.67 |   56.0 steps/s | 47.3 min
ep   880 | step   161215 | reward   409.55 | avg100   535.19 | eps 0.100 | q  145.81 |   56.0 steps/s | 48.0 min
ep   890 | step   163530 | reward   527.45 | avg100   538.83 | eps 0.100 | q  145.65 |   56.0 steps/s | 48.7 min
ep   900 | step   166030 | reward   610.91 | avg100   543.39 | eps 0.100 | q  144.43 |   56.1 steps/s | 49.4 min
ep   910 | step   168470 | reward   564.54 | avg100   543.06 | eps 0.100 | q  138.58 |   56.1 steps/s | 50.1 min
ep   920 | step   170890 | reward   844.00 | avg100   562.52 | eps 0.100 | q  150.40 |   56.1 steps/s | 50.8 min
ep   930 | step   173341 | reward   761.70 | avg100   581.73 | eps 0.100 | q  152.25 |   56.1 steps/s | 51.5 min
ep   940 | step   175667 | reward    94.89 | avg100   591.60 | eps 0.100 | q  162.49 |   56.1 steps/s | 52.2 min
ep   950 | step   177996 | reward   278.88 | avg100   592.32 | eps 0.100 | q  156.86 |   56.1 steps/s | 52.9 min
ep   960 | step   180338 | reward   523.33 | avg100   595.29 | eps 0.100 | q  168.60 |   56.1 steps/s | 53.6 min
ep   970 | step   182721 | reward   636.55 | avg100   588.94 | eps 0.100 | q  179.19 |   56.1 steps/s | 54.3 min
ep   980 | step   185084 | reward   369.45 | avg100   597.37 | eps 0.100 | q  192.12 |   56.2 steps/s | 54.9 min
ep   990 | step   187473 | reward   852.90 | avg100   607.35 | eps 0.100 | q  200.80 |   56.0 steps/s | 55.8 min
ep  1000 | step   189688 | reward   766.67 | avg100   599.25 | eps 0.100 | q  195.49 |   56.0 steps/s | 56.4 min
ep  1010 | step   192086 | reward   460.90 | avg100   591.26 | eps 0.100 | q  218.66 |   56.0 steps/s | 57.1 min
ep  1020 | step   194569 | reward   615.65 | avg100   582.92 | eps 0.100 | q  226.13 |   56.0 steps/s | 57.9 min
ep  1030 | step   196962 | reward   885.96 | avg100   576.88 | eps 0.100 | q  213.83 |   56.0 steps/s | 58.6 min
ep  1040 | step   199407 | reward   222.33 | avg100   585.27 | eps 0.100 | q  246.01 |   56.0 steps/s | 59.3 min
ep  1050 | step   201670 | reward   668.42 | avg100   582.95 | eps 0.100 | q  237.90 |   56.0 steps/s | 60.0 min
ep  1060 | step   204004 | reward   326.62 | avg100   580.23 | eps 0.100 | q  248.91 |   56.0 steps/s | 60.7 min
ep  1070 | step   206398 | reward   510.49 | avg100   588.52 | eps 0.100 | q  247.96 |   56.0 steps/s | 61.4 min
ep  1080 | step   208883 | reward   498.53 | avg100   594.41 | eps 0.100 | q  250.93 |   56.0 steps/s | 62.2 min
ep  1090 | step   211319 | reward   859.26 | avg100   588.13 | eps 0.100 | q  251.59 |   56.0 steps/s | 62.9 min
ep  1100 | step   213804 | reward   867.39 | avg100   616.03 | eps 0.100 | q  258.35 |   56.0 steps/s | 63.7 min
ep  1110 | step   216270 | reward   872.11 | avg100   639.85 | eps 0.100 | q  262.42 |   56.0 steps/s | 64.4 min
ep  1120 | step   218723 | reward   832.89 | avg100   658.42 | eps 0.100 | q  268.96 |   56.0 steps/s | 65.1 min
ep  1130 | step   221209 | reward   884.96 | avg100   665.31 | eps 0.100 | q  250.23 |   55.5 steps/s | 66.4 min
ep  1140 | step   223683 | reward   464.19 | avg100   673.95 | eps 0.100 | q  275.51 |   55.5 steps/s | 67.1 min
ep  1150 | step   226064 | reward   656.84 | avg100   691.76 | eps 0.100 | q  288.43 |   55.5 steps/s | 67.9 min
ep  1160 | step   228519 | reward   824.66 | avg100   705.35 | eps 0.100 | q  263.02 |   55.5 steps/s | 68.6 min
ep  1170 | step   231019 | reward   650.00 | avg100   709.63 | eps 0.100 | q  287.37 |   55.6 steps/s | 69.3 min
ep  1180 | step   233508 | reward   895.97 | avg100   721.30 | eps 0.100 | q  282.27 |   55.3 steps/s | 70.4 min
ep  1190 | step   236008 | reward   781.41 | avg100   729.28 | eps 0.100 | q  281.01 |   55.3 steps/s | 71.1 min
ep  1200 | step   238508 | reward   613.79 | avg100   719.78 | eps 0.100 | q  284.77 |   55.4 steps/s | 71.8 min
ep  1210 | step   240921 | reward   852.23 | avg100   710.08 | eps 0.100 | q  280.66 |   55.4 steps/s | 72.5 min
ep  1220 | step   243355 | reward   879.38 | avg100   703.38 | eps 0.100 | q  296.52 |   55.4 steps/s | 73.2 min
ep  1230 | step   245833 | reward   482.49 | avg100   715.67 | eps 0.100 | q  300.52 |   55.4 steps/s | 74.0 min
ep  1240 | step   248333 | reward   841.78 | avg100   723.85 | eps 0.100 | q  317.62 |   55.4 steps/s | 74.7 min
ep  1250 | step   250815 | reward   742.11 | avg100   731.49 | eps 0.100 | q  299.01 |   55.4 steps/s | 75.5 min
ep  1260 | step   253315 | reward   863.50 | avg100   742.25 | eps 0.100 | q  317.09 |   55.4 steps/s | 76.2 min
ep  1270 | step   255815 | reward   760.00 | avg100   744.02 | eps 0.100 | q  293.59 |   55.1 steps/s | 77.3 min
ep  1280 | step   258315 | reward   885.61 | avg100   743.81 | eps 0.100 | q  304.28 |   55.2 steps/s | 78.1 min
ep  1290 | step   260815 | reward   869.35 | avg100   747.62 | eps 0.100 | q  291.71 |   55.1 steps/s | 78.8 min
ep  1300 | step   263308 | reward   892.67 | avg100   748.13 | eps 0.100 | q  305.45 |   55.2 steps/s | 79.5 min
ep  1310 | step   265808 | reward   839.94 | avg100   758.65 | eps 0.100 | q  300.75 |   55.2 steps/s | 80.3 min
ep  1320 | step   268308 | reward   801.02 | avg100   766.86 | eps 0.100 | q  315.80 |   55.2 steps/s | 81.0 min
ep  1330 | step   270701 | reward   780.70 | avg100   755.75 | eps 0.100 | q  304.34 |   55.2 steps/s | 81.7 min
ep  1340 | step   273201 | reward   893.27 | avg100   753.40 | eps 0.100 | q  332.39 |   55.2 steps/s | 82.5 min
ep  1350 | step   275701 | reward   713.19 | avg100   762.21 | eps 0.100 | q  320.88 |   55.2 steps/s | 83.2 min
ep  1360 | step   278201 | reward   784.21 | avg100   750.13 | eps 0.100 | q  331.24 |   55.2 steps/s | 83.9 min
ep  1370 | step   280662 | reward   660.61 | avg100   753.57 | eps 0.100 | q  331.07 |   55.3 steps/s | 84.7 min
ep  1380 | step   283162 | reward   867.86 | avg100   750.46 | eps 0.100 | q  339.11 |   55.2 steps/s | 85.5 min
ep  1390 | step   285598 | reward   874.64 | avg100   751.46 | eps 0.100 | q  331.56 |   55.2 steps/s | 86.2 min
ep  1400 | step   288020 | reward   867.15 | avg100   746.34 | eps 0.100 | q  330.48 |   55.2 steps/s | 86.9 min
ep  1410 | step   290505 | reward   537.64 | avg100   743.13 | eps 0.100 | q  327.56 |   55.2 steps/s | 87.7 min
ep  1420 | step   292935 | reward   864.71 | avg100   740.79 | eps 0.100 | q  326.08 |   55.3 steps/s | 88.4 min
ep  1430 | step   295435 | reward   596.11 | avg100   743.51 | eps 0.100 | q  319.59 |   55.3 steps/s | 89.1 min
ep  1440 | step   297935 | reward   800.00 | avg100   738.54 | eps 0.100 | q  329.33 |   55.0 steps/s | 90.3 min
ep  1450 | step   300435 | reward   621.71 | avg100   729.57 | eps 0.100 | q  326.14 |   55.0 steps/s | 91.0 min
ep  1460 | step   302935 | reward   793.99 | avg100   734.44 | eps 0.100 | q  328.03 |   55.0 steps/s | 91.7 min
ep  1470 | step   305337 | reward   868.31 | avg100   739.45 | eps 0.100 | q  323.38 |   54.8 steps/s | 92.9 min
ep  1480 | step   307794 | reward   352.74 | avg100   736.23 | eps 0.100 | q  327.90 |   54.8 steps/s | 93.6 min
ep  1490 | step   310223 | reward   445.80 | avg100   717.00 | eps 0.100 | q  315.24 |   54.8 steps/s | 94.3 min
ep  1500 | step   312723 | reward   794.20 | avg100   724.36 | eps 0.100 | q  324.37 |   54.8 steps/s | 95.0 min
ep  1510 | step   315223 | reward   531.39 | avg100   723.38 | eps 0.100 | q  334.11 |   54.9 steps/s | 95.8 min
ep  1520 | step   317688 | reward   558.96 | avg100   719.18 | eps 0.100 | q  338.69 |   54.9 steps/s | 96.5 min
ep  1530 | step   320188 | reward   812.28 | avg100   719.30 | eps 0.100 | q  343.19 |   54.6 steps/s | 97.7 min
ep  1540 | step   322605 | reward   863.90 | avg100   717.00 | eps 0.100 | q  338.49 |   54.6 steps/s | 98.4 min
ep  1550 | step   325105 | reward   864.54 | avg100   726.35 | eps 0.100 | q  348.50 |   54.7 steps/s | 99.1 min
ep  1560 | step   327605 | reward   825.27 | avg100   724.88 | eps 0.100 | q  347.35 |   54.3 steps/s | 100.6 min
ep  1570 | step   330084 | reward   865.03 | avg100   724.57 | eps 0.100 | q  354.45 |   54.3 steps/s | 101.3 min
ep  1580 | step   332540 | reward   849.82 | avg100   729.95 | eps 0.100 | q  361.03 |   54.3 steps/s | 102.0 min
ep  1590 | step   335040 | reward   854.70 | avg100   750.87 | eps 0.100 | q  365.31 |   50.4 steps/s | 110.7 min
ep  1600 | step   337472 | reward   733.33 | avg100   750.32 | eps 0.100 | q  369.91 |   50.5 steps/s | 111.4 min
ep  1610 | step   339940 | reward   857.45 | avg100   758.22 | eps 0.100 | q  380.38 |   50.5 steps/s | 112.1 min
ep  1620 | step   342419 | reward   861.39 | avg100   775.32 | eps 0.100 | q  381.81 |   49.3 steps/s | 115.6 min
ep  1630 | step   344919 | reward   786.52 | avg100   782.40 | eps 0.100 | q  381.39 |   49.4 steps/s | 116.4 min
ep  1640 | step   347225 | reward   344.27 | avg100   774.75 | eps 0.100 | q  390.54 |   49.5 steps/s | 117.0 min
ep  1650 | step   349659 | reward   831.15 | avg100   775.97 | eps 0.100 | q  385.90 |   49.2 steps/s | 118.4 min
ep  1660 | step   352005 | reward   791.09 | avg100   765.63 | eps 0.100 | q  398.63 |   49.3 steps/s | 119.1 min
ep  1670 | step   354438 | reward   832.14 | avg100   764.50 | eps 0.100 | q  405.31 |   49.3 steps/s | 119.8 min
ep  1680 | step   356853 | reward   823.57 | avg100   762.60 | eps 0.100 | q  410.62 |   49.2 steps/s | 121.0 min
ep  1690 | step   359300 | reward   834.93 | avg100   748.94 | eps 0.100 | q  389.74 |   49.2 steps/s | 121.7 min
ep  1700 | step   361800 | reward   833.11 | avg100   752.88 | eps 0.100 | q  392.03 |   49.3 steps/s | 122.4 min
ep  1710 | step   364245 | reward   430.61 | avg100   737.31 | eps 0.100 | q  408.60 |   49.3 steps/s | 123.3 min
ep  1720 | step   366745 | reward   737.75 | avg100   724.72 | eps 0.100 | q  401.59 |   49.3 steps/s | 124.0 min
ep  1730 | step   369239 | reward   881.34 | avg100   717.42 | eps 0.100 | q  398.76 |   49.2 steps/s | 125.2 min
ep  1740 | step   371674 | reward   846.36 | avg100   730.80 | eps 0.100 | q  401.19 |   49.2 steps/s | 125.9 min
ep  1750 | step   374174 | reward   848.39 | avg100   726.86 | eps 0.100 | q  404.64 |   49.3 steps/s | 126.6 min
ep  1760 | step   376633 | reward   826.32 | avg100   744.77 | eps 0.100 | q  402.81 |   49.3 steps/s | 127.3 min
ep  1770 | step   379102 | reward   828.57 | avg100   742.42 | eps 0.100 | q  410.10 |   49.2 steps/s | 128.5 min
ep  1780 | step   381442 | reward   855.48 | avg100   736.92 | eps 0.100 | q  399.34 |   49.2 steps/s | 129.2 min
ep  1790 | step   383864 | reward   845.58 | avg100   744.67 | eps 0.100 | q  411.87 |   49.3 steps/s | 129.9 min
ep  1800 | step   386364 | reward   715.60 | avg100   744.28 | eps 0.100 | q  417.46 |   49.3 steps/s | 130.6 min
ep  1810 | step   388800 | reward   759.78 | avg100   761.09 | eps 0.100 | q  404.91 |   49.3 steps/s | 131.3 min
ep  1820 | step   391300 | reward   700.00 | avg100   762.56 | eps 0.100 | q  418.09 |   49.4 steps/s | 132.0 min
ep  1830 | step   393789 | reward   606.67 | avg100   757.40 | eps 0.100 | q  417.52 |   49.4 steps/s | 132.8 min
ep  1840 | step   396234 | reward   830.31 | avg100   760.95 | eps 0.100 | q  406.93 |   49.5 steps/s | 133.5 min
ep  1850 | step   398734 | reward   436.14 | avg100   753.89 | eps 0.100 | q  419.74 |   49.5 steps/s | 134.2 min

done (reached --steps). 400000 steps over 1855 episodes in 2.25 h (135.1 min). best avg100 782.92
