benchmarking ['ppo', 'dqn2013', 'dqn2015', 'ddqn', 'dueling_ddqn']
200,000 steps each, seed 0, parallel 1, device mps
[ppo] ep    10 | step    1372 | avg100    -7.72 |  68.8 steps/s | 0.3 min
[ppo] ep    20 | step    2676 | avg100    -5.90 |  67.0 steps/s | 0.7 min
[ppo] ep    30 | step    4064 | avg100    -5.15 |  70.1 steps/s | 1.0 min
[ppo] ep    40 | step    5572 | avg100    -2.91 |  69.9 steps/s | 1.3 min
[ppo] ep    50 | step    6796 | avg100    -1.74 |  69.4 steps/s | 1.6 min
[ppo] ep    60 | step    8068 | avg100    -1.86 |  70.3 steps/s | 1.9 min
[ppo] ep    70 | step    9400 | avg100    -0.31 |  70.0 steps/s | 2.2 min
[ppo] ep    80 | step   10396 | avg100    -0.27 |  69.6 steps/s | 2.5 min
[ppo] ep    90 | step   11984 | avg100     4.38 |  70.4 steps/s | 2.8 min
[ppo] ep   100 | step   13480 | avg100     6.52 |  70.3 steps/s | 3.2 min
[ppo] ep   110 | step   14804 | avg100     8.34 |  70.1 steps/s | 3.5 min
[ppo] ep   120 | step   16192 | avg100    11.01 |  70.5 steps/s | 3.8 min
[ppo] ep   130 | step   17564 | avg100    14.23 |  70.2 steps/s | 4.2 min
[ppo] ep   140 | step   19276 | avg100    17.23 |  70.1 steps/s | 4.6 min
[ppo] ep   150 | step   20740 | avg100    21.65 |  70.0 steps/s | 4.9 min
[ppo] ep   160 | step   22288 | avg100    26.88 |  70.2 steps/s | 5.3 min
[ppo] ep   170 | step   23816 | avg100    30.99 |  70.1 steps/s | 5.7 min
[ppo] ep   180 | step   25568 | avg100    37.04 |  70.0 steps/s | 6.1 min
[ppo] ep   190 | step   27064 | avg100    39.02 |  69.9 steps/s | 6.5 min
[ppo] ep   200 | step   28864 | avg100    44.75 |  69.7 steps/s | 6.9 min
[ppo] ep   210 | step   30716 | avg100    55.75 |  69.9 steps/s | 7.3 min
[ppo] ep   220 | step   32392 | avg100    60.64 |  69.7 steps/s | 7.7 min
[ppo] ep   230 | step   34204 | avg100    71.99 |  69.7 steps/s | 8.2 min
[ppo] ep   240 | step   36196 | avg100    80.98 |  69.6 steps/s | 8.7 min
[ppo] ep   250 | step   38028 | avg100    92.56 |  69.4 steps/s | 9.1 min
[ppo] ep   260 | step   39884 | avg100   103.11 |  69.3 steps/s | 9.6 min
[ppo] ep   270 | step   42236 | avg100   134.49 |  69.3 steps/s | 10.2 min
[ppo] ep   280 | step   44456 | avg100   153.73 |  69.0 steps/s | 10.7 min
[ppo] ep   290 | step   46740 | avg100   184.49 |  68.9 steps/s | 11.3 min
[ppo] ep   300 | step   48652 | avg100   208.08 |  68.8 steps/s | 11.8 min
[ppo] ep   310 | step   51220 | avg100   239.95 |  68.7 steps/s | 12.4 min
[ppo] ep   320 | step   53184 | avg100   256.25 |  68.9 steps/s | 12.9 min
[ppo] ep   330 | step   54988 | avg100   277.07 |  68.9 steps/s | 13.3 min
[ppo] ep   340 | step   57728 | avg100   319.18 |  68.6 steps/s | 14.0 min
[ppo] ep   350 | step   59740 | avg100   345.59 |  68.6 steps/s | 14.5 min
[ppo] ep   360 | step   62124 | avg100   371.50 |  68.5 steps/s | 15.1 min
[ppo] ep   370 | step   64216 | avg100   352.26 |  68.5 steps/s | 15.6 min
[ppo] ep   380 | step   66560 | avg100   350.93 |  68.6 steps/s | 16.2 min
[ppo] ep   390 | step   69124 | avg100   336.23 |  68.7 steps/s | 16.8 min
[ppo] ep   400 | step   70528 | avg100   311.14 |  68.6 steps/s | 17.1 min
[ppo] ep   410 | step   71628 | avg100   264.05 |  68.7 steps/s | 17.4 min
[ppo] ep   420 | step   72536 | avg100   237.47 |  68.6 steps/s | 17.6 min
[ppo] ep   430 | step   73728 | avg100   199.62 |  68.7 steps/s | 17.9 min
[ppo] ep   440 | step   75332 | avg100   149.44 |  68.7 steps/s | 18.3 min
[ppo] ep   450 | step   77080 | avg100   112.71 |  68.7 steps/s | 18.7 min
[ppo] ep   460 | step   79504 | avg100    80.97 |  68.8 steps/s | 19.3 min
[ppo] ep   470 | step   81336 | avg100    70.75 |  68.8 steps/s | 19.7 min
[ppo] ep   480 | step   82868 | avg100    54.66 |  68.8 steps/s | 20.1 min
[ppo] ep   490 | step   84304 | avg100    38.70 |  68.8 steps/s | 20.4 min
[ppo] ep   500 | step   86376 | avg100    43.58 |  68.8 steps/s | 20.9 min
[ppo] ep   510 | step   87956 | avg100    53.32 |  68.9 steps/s | 21.3 min
[ppo] ep   520 | step   90328 | avg100    84.31 |  68.8 steps/s | 21.9 min
[ppo] ep   530 | step   92696 | avg100   123.21 |  68.8 steps/s | 22.5 min
[ppo] ep   540 | step   95164 | avg100   139.67 |  68.8 steps/s | 23.1 min
[ppo] ep   550 | step   97336 | avg100   151.81 |  68.8 steps/s | 23.6 min
[ppo] ep   560 | step   99960 | avg100   174.92 |  68.8 steps/s | 24.2 min
[ppo] ep   570 | step  102256 | avg100   200.41 |  68.7 steps/s | 24.8 min
[ppo] ep   580 | step  104860 | avg100   231.80 |  68.6 steps/s | 25.5 min
[ppo] ep   590 | step  107044 | avg100   271.14 |  68.5 steps/s | 26.0 min
[ppo] ep   600 | step  108772 | avg100   268.92 |  68.6 steps/s | 26.4 min
[ppo] ep   610 | step  111000 | avg100   295.25 |  68.6 steps/s | 27.0 min
[ppo] ep   620 | step  113184 | avg100   303.77 |  68.6 steps/s | 27.5 min
[ppo] ep   630 | step  115820 | avg100   309.52 |  68.7 steps/s | 28.1 min
[ppo] ep   640 | step  118064 | avg100   322.09 |  68.7 steps/s | 28.6 min
[ppo] ep   650 | step  120820 | avg100   354.66 |  68.7 steps/s | 29.3 min
[ppo] ep   660 | step  122988 | avg100   369.41 |  68.7 steps/s | 29.8 min
[ppo] ep   670 | step  125432 | avg100   389.69 |  68.7 steps/s | 30.4 min
[ppo] ep   680 | step  127988 | avg100   403.32 |  68.7 steps/s | 31.0 min
[ppo] ep   690 | step  130416 | avg100   405.13 |  68.8 steps/s | 31.6 min
[ppo] ep   700 | step  132988 | avg100   455.42 |  68.8 steps/s | 32.2 min
[ppo] ep   710 | step  135300 | avg100   475.69 |  68.8 steps/s | 32.8 min
[ppo] ep   720 | step  137988 | avg100   492.44 |  68.7 steps/s | 33.5 min
[ppo] ep   730 | step  139868 | avg100   491.01 |  68.7 steps/s | 33.9 min
[ppo] ep   740 | step  141548 | avg100   459.29 |  68.7 steps/s | 34.3 min
[ppo] ep   750 | step  143772 | avg100   421.44 |  68.8 steps/s | 34.9 min
[ppo] ep   760 | step  145676 | avg100   376.86 |  68.8 steps/s | 35.3 min
[ppo] ep   770 | step  148084 | avg100   335.89 |  68.8 steps/s | 35.9 min
[ppo] ep   780 | step  150676 | avg100   317.03 |  68.8 steps/s | 36.5 min
[ppo] ep   790 | step  152476 | avg100   299.51 |  68.8 steps/s | 36.9 min
[ppo] ep   800 | step  153284 | avg100   236.45 |  68.9 steps/s | 37.1 min
[ppo] ep   810 | step  154476 | avg100   179.97 |  68.9 steps/s | 37.4 min
[ppo] ep   820 | step  155284 | avg100   123.52 |  68.9 steps/s | 37.6 min
[ppo] ep   830 | step  156476 | avg100    80.09 |  68.9 steps/s | 37.9 min
[ppo] ep   840 | step  157428 | avg100    75.44 |  68.9 steps/s | 38.1 min
[ppo] ep   850 | step  159688 | avg100    69.68 |  68.9 steps/s | 38.6 min
[ppo] ep   860 | step  161832 | avg100    80.68 |  68.9 steps/s | 39.1 min
[ppo] ep   870 | step  163360 | avg100    70.05 |  68.9 steps/s | 39.5 min
[ppo] ep   880 | step  165084 | avg100    39.11 |  68.9 steps/s | 39.9 min
[ppo] ep   890 | step  166740 | avg100    11.40 |  69.0 steps/s | 40.3 min
[ppo] ep   900 | step  168216 | avg100    13.58 |  69.0 steps/s | 40.7 min
[ppo] ep   910 | step  169960 | avg100    18.69 |  69.0 steps/s | 41.0 min
[ppo] ep   920 | step  171860 | avg100    29.33 |  69.0 steps/s | 41.5 min
[ppo] ep   930 | step  174280 | avg100    47.67 |  69.0 steps/s | 42.1 min
[ppo] ep   940 | step  176384 | avg100    66.38 |  69.0 steps/s | 42.6 min
[ppo] ep   950 | step  178908 | avg100    70.18 |  69.0 steps/s | 43.2 min
[ppo] ep   960 | step  181076 | avg100    72.01 |  69.0 steps/s | 43.7 min
[ppo] ep   970 | step  183860 | avg100    88.40 |  69.1 steps/s | 44.4 min
[ppo] ep   980 | step  185860 | avg100   110.82 |  69.1 steps/s | 44.8 min
[ppo] ep   990 | step  188604 | avg100   128.53 |  69.1 steps/s | 45.5 min
[ppo] ep  1000 | step  190860 | avg100   166.33 |  69.1 steps/s | 46.0 min
[ppo] ep  1010 | step  193604 | avg100   196.34 |  69.1 steps/s | 46.7 min
[ppo] ep  1020 | step  195860 | avg100   218.87 |  69.1 steps/s | 47.2 min
[ppo] ep  1030 | step  198296 | avg100   224.92 |  69.1 steps/s | 47.8 min
[ppo] done. 200000 steps, 1039 episodes, best avg100 502.18, 0.80 h
[dqn2013] ep    10 | step    1221 | avg100    -1.86 |  78.0 steps/s | 0.3 min
[dqn2013] ep    20 | step    2473 | avg100    -2.96 |  77.6 steps/s | 0.5 min
[dqn2013] ep    30 | step    3891 | avg100    -1.88 |  77.8 steps/s | 0.8 min
[dqn2013] ep    40 | step    4913 | avg100    -3.90 |  77.7 steps/s | 1.1 min
[dqn2013] ep    50 | step    6211 | avg100    -4.12 |  74.8 steps/s | 1.4 min
[dqn2013] ep    60 | step    7379 | avg100    -4.75 |  73.1 steps/s | 1.7 min
[dqn2013] ep    70 | step    8795 | avg100    -4.64 |  71.6 steps/s | 2.0 min
[dqn2013] ep    80 | step   10100 | avg100    -4.68 |  70.7 steps/s | 2.4 min
[dqn2013] ep    90 | step   11337 | avg100    -4.80 |  70.1 steps/s | 2.7 min
[dqn2013] ep   100 | step   12496 | avg100    -4.90 |  69.4 steps/s | 3.0 min
[dqn2013] ep   110 | step   13966 | avg100    -4.32 |  68.9 steps/s | 3.4 min
[dqn2013] ep   120 | step   15230 | avg100    -4.52 |  68.4 steps/s | 3.7 min
[dqn2013] ep   130 | step   16567 | avg100    -4.94 |  68.1 steps/s | 4.1 min
[dqn2013] ep   140 | step   17936 | avg100    -4.29 |  67.8 steps/s | 4.4 min
[dqn2013] ep   150 | step   19372 | avg100    -3.00 |  67.6 steps/s | 4.8 min
[dqn2013] ep   160 | step   20599 | avg100    -2.84 |  67.3 steps/s | 5.1 min
[dqn2013] ep   170 | step   21838 | avg100    -2.46 |  67.1 steps/s | 5.4 min
[dqn2013] ep   180 | step   23088 | avg100    -2.42 |  67.0 steps/s | 5.7 min
[dqn2013] ep   190 | step   24347 | avg100    -2.42 |  66.9 steps/s | 6.1 min
[dqn2013] ep   200 | step   25675 | avg100    -2.40 |  66.7 steps/s | 6.4 min
[dqn2013] ep   210 | step   27113 | avg100    -2.75 |  66.6 steps/s | 6.8 min
[dqn2013] ep   220 | step   28613 | avg100    -1.78 |  66.5 steps/s | 7.2 min
[dqn2013] ep   230 | step   29929 | avg100    -1.77 |  66.3 steps/s | 7.5 min
[dqn2013] ep   240 | step   31264 | avg100    -1.73 |  66.2 steps/s | 7.9 min
[dqn2013] ep   250 | step   32579 | avg100    -2.39 |  66.1 steps/s | 8.2 min
[dqn2013] ep   260 | step   34120 | avg100    -1.23 |  66.0 steps/s | 8.6 min
[dqn2013] ep   270 | step   35749 | avg100     0.38 |  65.9 steps/s | 9.0 min
[dqn2013] ep   280 | step   37127 | avg100     1.58 |  65.8 steps/s | 9.4 min
[dqn2013] ep   290 | step   38709 | avg100     4.14 |  65.7 steps/s | 9.8 min
[dqn2013] ep   300 | step   40275 | avg100     6.60 |  65.5 steps/s | 10.2 min
[dqn2013] ep   310 | step   41966 | avg100     8.93 |  65.4 steps/s | 10.7 min
[dqn2013] ep   320 | step   43472 | avg100    10.09 |  65.3 steps/s | 11.1 min
[dqn2013] ep   330 | step   44810 | avg100    11.85 |  65.3 steps/s | 11.4 min
[dqn2013] ep   340 | step   46426 | avg100    15.50 |  65.2 steps/s | 11.9 min
[dqn2013] ep   350 | step   48133 | avg100    19.90 |  65.1 steps/s | 12.3 min
[dqn2013] ep   360 | step   49959 | avg100    26.24 |  65.0 steps/s | 12.8 min
[dqn2013] ep   370 | step   52009 | avg100    34.02 |  64.8 steps/s | 13.4 min
[dqn2013] ep   380 | step   53754 | avg100    40.61 |  64.8 steps/s | 13.8 min
[dqn2013] ep   390 | step   55410 | avg100    42.94 |  64.7 steps/s | 14.3 min
[dqn2013] ep   400 | step   56995 | avg100    46.38 |  64.6 steps/s | 14.7 min
[dqn2013] ep   410 | step   58571 | avg100    49.80 |  64.5 steps/s | 15.1 min
[dqn2013] ep   420 | step   60536 | avg100    57.55 |  64.4 steps/s | 15.7 min
[dqn2013] ep   430 | step   62048 | avg100    62.95 |  64.4 steps/s | 16.1 min
[dqn2013] ep   440 | step   64010 | avg100    72.24 |  64.3 steps/s | 16.6 min
[dqn2013] ep   450 | step   66015 | avg100    80.45 |  64.2 steps/s | 17.1 min
[dqn2013] ep   460 | step   67740 | avg100    84.80 |  64.1 steps/s | 17.6 min
[dqn2013] ep   470 | step   69332 | avg100    82.03 |  64.1 steps/s | 18.0 min
[dqn2013] ep   480 | step   71192 | avg100    88.53 |  64.0 steps/s | 18.5 min
[dqn2013] ep   490 | step   73092 | avg100    96.84 |  63.9 steps/s | 19.1 min
[dqn2013] ep   500 | step   74910 | avg100   100.93 |  63.8 steps/s | 19.6 min
[dqn2013] ep   510 | step   76891 | avg100   107.05 |  63.8 steps/s | 20.1 min
[dqn2013] ep   520 | step   78833 | avg100   113.40 |  63.7 steps/s | 20.6 min
[dqn2013] ep   530 | step   80423 | avg100   113.30 |  63.6 steps/s | 21.1 min
[dqn2013] ep   540 | step   82371 | avg100   116.39 |  63.5 steps/s | 21.6 min
[dqn2013] ep   550 | step   84415 | avg100   116.86 |  63.5 steps/s | 22.2 min
[dqn2013] ep   560 | step   86605 | avg100   129.89 |  63.4 steps/s | 22.8 min
[dqn2013] ep   570 | step   88234 | avg100   141.34 |  63.3 steps/s | 23.2 min
[dqn2013] ep   580 | step   90543 | avg100   159.34 |  63.2 steps/s | 23.9 min
[dqn2013] ep   590 | step   92464 | avg100   173.94 |  63.2 steps/s | 24.4 min
[dqn2013] ep   600 | step   94413 | avg100   190.94 |  63.1 steps/s | 24.9 min
[dqn2013] ep   610 | step   96395 | avg100   203.54 |  63.0 steps/s | 25.5 min
[dqn2013] ep   620 | step   98665 | avg100   230.09 |  63.0 steps/s | 26.1 min
[dqn2013] ep   630 | step  100767 | avg100   268.40 |  62.9 steps/s | 26.7 min
[dqn2013] ep   640 | step  102494 | avg100   277.20 |  62.8 steps/s | 27.2 min
[dqn2013] ep   650 | step  104317 | avg100   306.42 |  62.8 steps/s | 27.7 min
[dqn2013] ep   660 | step  106452 | avg100   317.07 |  62.7 steps/s | 28.3 min
[dqn2013] ep   670 | step  108693 | avg100   351.78 |  62.7 steps/s | 28.9 min
[dqn2013] ep   680 | step  110614 | avg100   348.84 |  62.6 steps/s | 29.4 min
[dqn2013] ep   690 | step  112741 | avg100   367.08 |  62.5 steps/s | 30.0 min
[dqn2013] ep   700 | step  115187 | avg100   401.29 |  62.5 steps/s | 30.7 min
[dqn2013] ep   710 | step  117319 | avg100   414.98 |  62.4 steps/s | 31.3 min
[dqn2013] ep   720 | step  119807 | avg100   423.02 |  62.4 steps/s | 32.0 min
[dqn2013] ep   730 | step  122011 | avg100   417.47 |  62.3 steps/s | 32.6 min
[dqn2013] ep   740 | step  124206 | avg100   422.30 |  62.2 steps/s | 33.3 min
[dqn2013] ep   750 | step  126466 | avg100   423.11 |  62.2 steps/s | 33.9 min
[dqn2013] ep   760 | step  128966 | avg100   435.09 |  62.1 steps/s | 34.6 min
[dqn2013] ep   770 | step  131302 | avg100   428.39 |  62.0 steps/s | 35.3 min
[dqn2013] ep   780 | step  133708 | avg100   447.80 |  62.0 steps/s | 36.0 min
[dqn2013] ep   790 | step  136047 | avg100   456.87 |  61.9 steps/s | 36.6 min
[dqn2013] ep   800 | step  138547 | avg100   448.72 |  61.9 steps/s | 37.3 min
[dqn2013] ep   810 | step  141021 | avg100   450.56 |  61.8 steps/s | 38.0 min
[dqn2013] ep   820 | step  143347 | avg100   443.88 |  61.8 steps/s | 38.7 min
[dqn2013] ep   830 | step  145847 | avg100   453.49 |  61.7 steps/s | 39.4 min
[dqn2013] ep   840 | step  148186 | avg100   469.54 |  61.7 steps/s | 40.0 min
[dqn2013] ep   850 | step  150407 | avg100   464.56 |  61.7 steps/s | 40.7 min
[dqn2013] ep   860 | step  152593 | avg100   460.19 |  61.6 steps/s | 41.3 min
[dqn2013] ep   870 | step  155090 | avg100   467.90 |  61.6 steps/s | 42.0 min
[dqn2013] ep   880 | step  157540 | avg100   458.85 |  61.5 steps/s | 42.7 min
[dqn2013] ep   890 | step  160039 | avg100   452.93 |  61.5 steps/s | 43.4 min
[dqn2013] ep   900 | step  162520 | avg100   457.46 |  61.5 steps/s | 44.1 min
[dqn2013] ep   910 | step  164818 | avg100   461.82 |  61.4 steps/s | 44.7 min
[dqn2013] ep   920 | step  167107 | avg100   467.25 |  61.4 steps/s | 45.4 min
[dqn2013] ep   930 | step  169420 | avg100   468.89 |  61.3 steps/s | 46.0 min
[dqn2013] ep   940 | step  171739 | avg100   467.07 |  61.3 steps/s | 46.7 min
[dqn2013] ep   950 | step  174168 | avg100   473.40 |  61.3 steps/s | 47.4 min
[dqn2013] ep   960 | step  176457 | avg100   478.95 |  61.3 steps/s | 48.0 min
[dqn2013] ep   970 | step  178845 | avg100   479.19 |  61.2 steps/s | 48.7 min
[dqn2013] ep   980 | step  181296 | avg100   496.06 |  61.2 steps/s | 49.4 min
[dqn2013] ep   990 | step  183570 | avg100   495.88 |  61.2 steps/s | 50.0 min
[dqn2013] ep  1000 | step  186019 | avg100   506.32 |  61.1 steps/s | 50.7 min
[dqn2013] ep  1010 | step  188410 | avg100   511.24 |  61.1 steps/s | 51.4 min
[dqn2013] ep  1020 | step  190857 | avg100   514.86 |  61.1 steps/s | 52.1 min
[dqn2013] ep  1030 | step  193328 | avg100   525.39 |  61.1 steps/s | 52.8 min
[dqn2013] ep  1040 | step  195644 | avg100   536.30 |  61.1 steps/s | 53.4 min
[dqn2013] ep  1050 | step  198063 | avg100   536.16 |  61.0 steps/s | 54.1 min
[dqn2013] done. 200000 steps, 1058 episodes, best avg100 546.55, 0.91 h
[dqn2015] ep    10 | step    1221 | avg100    -1.86 |  78.6 steps/s | 0.3 min
[dqn2015] ep    20 | step    2473 | avg100    -2.96 |  78.4 steps/s | 0.5 min
[dqn2015] ep    30 | step    3891 | avg100    -1.88 |  78.5 steps/s | 0.8 min
[dqn2015] ep    40 | step    4913 | avg100    -3.90 |  78.3 steps/s | 1.0 min
[dqn2015] ep    50 | step    6286 | avg100    -3.97 |  75.5 steps/s | 1.4 min
[dqn2015] ep    60 | step    7680 | avg100    -4.26 |  73.5 steps/s | 1.7 min
[dqn2015] ep    70 | step    8796 | avg100    -4.66 |  72.3 steps/s | 2.0 min
[dqn2015] ep    80 | step    9975 | avg100    -5.00 |  71.4 steps/s | 2.3 min
[dqn2015] ep    90 | step   11313 | avg100    -4.80 |  70.7 steps/s | 2.7 min
[dqn2015] ep   100 | step   12597 | avg100    -4.85 |  70.1 steps/s | 3.0 min
[dqn2015] ep   110 | step   13972 | avg100    -4.54 |  69.5 steps/s | 3.3 min
[dqn2015] ep   120 | step   15261 | avg100    -4.83 |  69.0 steps/s | 3.7 min
[dqn2015] ep   130 | step   16514 | avg100    -5.27 |  68.7 steps/s | 4.0 min
[dqn2015] ep   140 | step   17814 | avg100    -4.37 |  68.4 steps/s | 4.3 min
[dqn2015] ep   150 | step   19173 | avg100    -4.04 |  68.1 steps/s | 4.7 min
[dqn2015] ep   160 | step   20459 | avg100    -3.61 |  67.9 steps/s | 5.0 min
[dqn2015] ep   170 | step   21940 | avg100    -2.60 |  67.6 steps/s | 5.4 min
[dqn2015] ep   180 | step   23148 | avg100    -2.41 |  67.5 steps/s | 5.7 min
[dqn2015] ep   190 | step   24573 | avg100    -1.79 |  67.2 steps/s | 6.1 min
[dqn2015] ep   200 | step   25964 | avg100    -1.75 |  67.1 steps/s | 6.4 min
[dqn2015] ep   210 | step   27248 | avg100    -2.37 |  67.0 steps/s | 6.8 min
[dqn2015] ep   220 | step   28523 | avg100    -1.90 |  66.8 steps/s | 7.1 min
[dqn2015] ep   230 | step   29798 | avg100    -1.63 |  66.7 steps/s | 7.4 min
[dqn2015] ep   240 | step   31046 | avg100    -1.80 |  66.6 steps/s | 7.8 min
[dqn2015] ep   250 | step   32291 | avg100    -1.54 |  66.4 steps/s | 8.1 min
[dqn2015] ep   260 | step   33733 | avg100    -1.52 |  66.3 steps/s | 8.5 min
[dqn2015] ep   270 | step   34996 | avg100    -2.19 |  66.1 steps/s | 8.8 min
[dqn2015] ep   280 | step   36289 | avg100    -1.55 |  66.0 steps/s | 9.2 min
[dqn2015] ep   290 | step   37514 | avg100    -1.89 |  65.9 steps/s | 9.5 min
[dqn2015] ep   300 | step   38778 | avg100    -0.81 |  65.8 steps/s | 9.8 min
[dqn2015] ep   310 | step   40132 | avg100    -0.06 |  65.7 steps/s | 10.2 min
[dqn2015] ep   320 | step   41924 | avg100     1.67 |  65.6 steps/s | 10.7 min
[dqn2015] ep   330 | step   43542 | avg100     3.26 |  65.5 steps/s | 11.1 min
[dqn2015] ep   340 | step   44954 | avg100     3.34 |  65.4 steps/s | 11.5 min
[dqn2015] ep   350 | step   46501 | avg100     5.85 |  65.3 steps/s | 11.9 min
[dqn2015] ep   360 | step   48246 | avg100     8.15 |  65.2 steps/s | 12.3 min
[dqn2015] ep   370 | step   50018 | avg100    10.86 |  65.1 steps/s | 12.8 min
[dqn2015] ep   380 | step   51503 | avg100    12.56 |  65.0 steps/s | 13.2 min
[dqn2015] ep   390 | step   53256 | avg100    17.31 |  64.9 steps/s | 13.7 min
[dqn2015] ep   400 | step   54894 | avg100    18.51 |  64.8 steps/s | 14.1 min
[dqn2015] ep   410 | step   56417 | avg100    20.68 |  64.7 steps/s | 14.5 min
[dqn2015] ep   420 | step   58107 | avg100    21.99 |  64.6 steps/s | 15.0 min
[dqn2015] ep   430 | step   60115 | avg100    26.13 |  64.5 steps/s | 15.5 min
[dqn2015] ep   440 | step   61737 | avg100    29.49 |  64.4 steps/s | 16.0 min
[dqn2015] ep   450 | step   63781 | avg100    33.07 |  64.3 steps/s | 16.5 min
[dqn2015] ep   460 | step   65693 | avg100    36.07 |  64.2 steps/s | 17.0 min
[dqn2015] ep   470 | step   67438 | avg100    40.89 |  64.1 steps/s | 17.5 min
[dqn2015] ep   480 | step   69081 | avg100    44.99 |  64.1 steps/s | 18.0 min
[dqn2015] ep   490 | step   70942 | avg100    49.50 |  64.0 steps/s | 18.5 min
[dqn2015] ep   500 | step   72881 | avg100    57.14 |  63.9 steps/s | 19.0 min
[dqn2015] ep   510 | step   75164 | avg100    70.45 |  63.7 steps/s | 19.7 min
[dqn2015] ep   520 | step   77401 | avg100    81.86 |  63.6 steps/s | 20.3 min
[dqn2015] ep   530 | step   79699 | avg100    93.63 |  63.5 steps/s | 20.9 min
[dqn2015] ep   540 | step   81655 | avg100   101.17 |  63.4 steps/s | 21.5 min
[dqn2015] ep   550 | step   83919 | avg100   108.94 |  63.3 steps/s | 22.1 min
[dqn2015] ep   560 | step   86419 | avg100   129.39 |  63.2 steps/s | 22.8 min
[dqn2015] ep   570 | step   88772 | avg100   151.74 |  63.1 steps/s | 23.4 min
[dqn2015] ep   580 | step   91046 | avg100   179.14 |  63.0 steps/s | 24.1 min
[dqn2015] ep   590 | step   93336 | avg100   207.59 |  62.9 steps/s | 24.7 min
[dqn2015] ep   600 | step   95731 | avg100   238.07 |  62.8 steps/s | 25.4 min
[dqn2015] ep   610 | step   97964 | avg100   262.28 |  62.8 steps/s | 26.0 min
[dqn2015] ep   620 | step  100463 | avg100   301.80 |  62.7 steps/s | 26.7 min
[dqn2015] ep   630 | step  102963 | avg100   343.81 |  62.6 steps/s | 27.4 min
[dqn2015] ep   640 | step  105366 | avg100   382.46 |  62.5 steps/s | 28.1 min
[dqn2015] ep   650 | step  107707 | avg100   415.98 |  62.4 steps/s | 28.8 min
[dqn2015] ep   660 | step  110140 | avg100   437.60 |  62.3 steps/s | 29.5 min
[dqn2015] ep   670 | step  112529 | avg100   457.54 |  62.2 steps/s | 30.1 min
[dqn2015] ep   680 | step  114837 | avg100   467.17 |  62.2 steps/s | 30.8 min
[dqn2015] ep   690 | step  117049 | avg100   467.15 |  62.1 steps/s | 31.4 min
[dqn2015] ep   700 | step  119107 | avg100   469.52 |  62.1 steps/s | 32.0 min
[dqn2015] ep   710 | step  121004 | avg100   460.34 |  62.0 steps/s | 32.5 min
[dqn2015] ep   720 | step  123148 | avg100   453.09 |  62.0 steps/s | 33.1 min
[dqn2015] ep   730 | step  125547 | avg100   449.90 |  61.9 steps/s | 33.8 min
[dqn2015] ep   740 | step  127541 | avg100   445.57 |  61.9 steps/s | 34.3 min
[dqn2015] ep   750 | step  129359 | avg100   438.66 |  61.9 steps/s | 34.9 min
[dqn2015] ep   760 | step  131577 | avg100   440.19 |  61.8 steps/s | 35.5 min
[dqn2015] ep   770 | step  133931 | avg100   448.47 |  61.8 steps/s | 36.1 min
[dqn2015] ep   780 | step  136099 | avg100   459.35 |  61.7 steps/s | 36.8 min
[dqn2015] ep   790 | step  138189 | avg100   467.44 |  61.7 steps/s | 37.3 min
[dqn2015] ep   800 | step  140538 | avg100   483.67 |  61.6 steps/s | 38.0 min
[dqn2015] ep   810 | step  143018 | avg100   512.22 |  61.6 steps/s | 38.7 min
[dqn2015] ep   820 | step  145486 | avg100   522.45 |  61.5 steps/s | 39.4 min
[dqn2015] ep   830 | step  147913 | avg100   521.57 |  61.5 steps/s | 40.1 min
[dqn2015] ep   840 | step  150192 | avg100   528.85 |  61.5 steps/s | 40.7 min
[dqn2015] ep   850 | step  152466 | avg100   542.94 |  61.4 steps/s | 41.4 min
[dqn2015] ep   860 | step  154796 | avg100   550.54 |  61.4 steps/s | 42.0 min
[dqn2015] ep   870 | step  157070 | avg100   550.06 |  61.4 steps/s | 42.7 min
[dqn2015] ep   880 | step  159501 | avg100   560.76 |  61.3 steps/s | 43.3 min
[dqn2015] ep   890 | step  161858 | avg100   574.19 |  61.3 steps/s | 44.0 min
[dqn2015] ep   900 | step  164128 | avg100   571.36 |  61.3 steps/s | 44.6 min
[dqn2015] ep   910 | step  166554 | avg100   579.24 |  61.2 steps/s | 45.3 min
[dqn2015] ep   920 | step  168825 | avg100   589.50 |  61.2 steps/s | 46.0 min
[dqn2015] ep   930 | step  171184 | avg100   605.02 |  61.2 steps/s | 46.6 min
[dqn2015] ep   940 | step  173467 | avg100   607.06 |  61.1 steps/s | 47.3 min
[dqn2015] ep   950 | step  175898 | avg100   606.04 |  61.1 steps/s | 48.0 min
[dqn2015] ep   960 | step  178353 | avg100   606.30 |  61.1 steps/s | 48.7 min
[dqn2015] ep   970 | step  180824 | avg100   614.57 |  61.1 steps/s | 49.4 min
[dqn2015] ep   980 | step  183324 | avg100   618.63 |  61.0 steps/s | 50.1 min
[dqn2015] ep   990 | step  185765 | avg100   628.74 |  61.0 steps/s | 50.8 min
[dqn2015] ep  1000 | step  188189 | avg100   643.09 |  61.0 steps/s | 51.4 min
[dqn2015] ep  1010 | step  190530 | avg100   638.64 |  61.0 steps/s | 52.1 min
[dqn2015] ep  1020 | step  193002 | avg100   650.11 |  60.9 steps/s | 52.8 min
[dqn2015] ep  1030 | step  195502 | avg100   639.64 |  60.9 steps/s | 53.5 min
[dqn2015] ep  1040 | step  197957 | avg100   655.15 |  60.9 steps/s | 54.2 min
[dqn2015] done. 200000 steps, 1048 episodes, best avg100 672.54, 0.91 h
[ddqn] ep    10 | step    1221 | avg100    -1.86 |  77.9 steps/s | 0.3 min
[ddqn] ep    20 | step    2473 | avg100    -2.96 |  77.6 steps/s | 0.5 min
[ddqn] ep    30 | step    3891 | avg100    -1.88 |  78.1 steps/s | 0.8 min
[ddqn] ep    40 | step    4913 | avg100    -3.90 |  77.8 steps/s | 1.1 min
[ddqn] ep    50 | step    6316 | avg100    -3.75 |  74.9 steps/s | 1.4 min
[ddqn] ep    60 | step    7815 | avg100    -3.09 |  72.8 steps/s | 1.8 min
[ddqn] ep    70 | step    9005 | avg100    -2.98 |  71.5 steps/s | 2.1 min
[ddqn] ep    80 | step   10321 | avg100    -3.29 |  70.6 steps/s | 2.4 min
[ddqn] ep    90 | step   11451 | avg100    -3.68 |  70.0 steps/s | 2.7 min
[ddqn] ep   100 | step   12774 | avg100    -3.69 |  69.4 steps/s | 3.1 min
[ddqn] ep   110 | step   14160 | avg100    -3.42 |  68.9 steps/s | 3.4 min
[ddqn] ep   120 | step   15598 | avg100    -3.46 |  68.3 steps/s | 3.8 min
[ddqn] ep   130 | step   17010 | avg100    -3.24 |  68.0 steps/s | 4.2 min
[ddqn] ep   140 | step   18171 | avg100    -2.52 |  67.7 steps/s | 4.5 min
[ddqn] ep   150 | step   19360 | avg100    -2.33 |  67.5 steps/s | 4.8 min
[ddqn] ep   160 | step   20584 | avg100    -3.03 |  67.2 steps/s | 5.1 min
[ddqn] ep   170 | step   21773 | avg100    -3.57 |  67.0 steps/s | 5.4 min
[ddqn] ep   180 | step   22941 | avg100    -3.57 |  66.9 steps/s | 5.7 min
[ddqn] ep   190 | step   24200 | avg100    -3.12 |  66.7 steps/s | 6.1 min
[ddqn] ep   200 | step   25337 | avg100    -3.26 |  66.5 steps/s | 6.3 min
[ddqn] ep   210 | step   26649 | avg100    -3.54 |  66.4 steps/s | 6.7 min
[ddqn] ep   220 | step   27919 | avg100    -3.58 |  66.2 steps/s | 7.0 min
[ddqn] ep   230 | step   29264 | avg100    -3.61 |  66.1 steps/s | 7.4 min
[ddqn] ep   240 | step   30614 | avg100    -3.43 |  66.0 steps/s | 7.7 min
[ddqn] ep   250 | step   31914 | avg100    -3.34 |  65.9 steps/s | 8.1 min
[ddqn] ep   260 | step   33103 | avg100    -3.08 |  65.8 steps/s | 8.4 min
[ddqn] ep   270 | step   34593 | avg100    -2.16 |  65.7 steps/s | 8.8 min
[ddqn] ep   280 | step   36073 | avg100    -1.19 |  65.5 steps/s | 9.2 min
[ddqn] ep   290 | step   37485 | avg100    -0.17 |  65.4 steps/s | 9.5 min
[ddqn] ep   300 | step   38840 | avg100    -0.04 |  65.3 steps/s | 9.9 min
[ddqn] ep   310 | step   40166 | avg100    -0.01 |  65.2 steps/s | 10.3 min
[ddqn] ep   320 | step   41710 | avg100     0.84 |  65.1 steps/s | 10.7 min
[ddqn] ep   330 | step   43528 | avg100     2.56 |  65.0 steps/s | 11.2 min
[ddqn] ep   340 | step   44941 | avg100     3.08 |  64.9 steps/s | 11.5 min
[ddqn] ep   350 | step   46285 | avg100     3.64 |  64.8 steps/s | 11.9 min
[ddqn] ep   360 | step   48133 | avg100     8.35 |  64.7 steps/s | 12.4 min
[ddqn] ep   370 | step   49573 | avg100     8.67 |  64.6 steps/s | 12.8 min
[ddqn] ep   380 | step   51430 | avg100    10.92 |  64.5 steps/s | 13.3 min
[ddqn] ep   390 | step   53284 | avg100    15.34 |  64.4 steps/s | 13.8 min
[ddqn] ep   400 | step   55357 | avg100    19.42 |  64.3 steps/s | 14.3 min
[ddqn] ep   410 | step   57346 | avg100    23.39 |  64.2 steps/s | 14.9 min
[ddqn] ep   420 | step   59403 | avg100    30.35 |  64.1 steps/s | 15.5 min
[ddqn] ep   430 | step   61332 | avg100    34.15 |  64.0 steps/s | 16.0 min
[ddqn] ep   440 | step   63235 | avg100    42.72 |  63.9 steps/s | 16.5 min
[ddqn] ep   450 | step   65134 | avg100    50.16 |  63.8 steps/s | 17.0 min
[ddqn] ep   460 | step   67112 | avg100    55.85 |  63.7 steps/s | 17.6 min
[ddqn] ep   470 | step   69062 | avg100    64.47 |  63.6 steps/s | 18.1 min
[ddqn] ep   480 | step   70910 | avg100    74.39 |  63.6 steps/s | 18.6 min
[ddqn] ep   490 | step   73086 | avg100    89.72 |  63.5 steps/s | 19.2 min
[ddqn] ep   500 | step   75103 | avg100   107.83 |  63.4 steps/s | 19.8 min
[ddqn] ep   510 | step   77209 | avg100   125.01 |  63.3 steps/s | 20.3 min
[ddqn] ep   520 | step   79689 | avg100   149.99 |  63.1 steps/s | 21.0 min
[ddqn] ep   530 | step   81999 | avg100   168.68 |  63.0 steps/s | 21.7 min
[ddqn] ep   540 | step   84321 | avg100   183.93 |  62.9 steps/s | 22.3 min
[ddqn] ep   550 | step   86821 | avg100   216.58 |  62.8 steps/s | 23.0 min
[ddqn] ep   560 | step   89200 | avg100   240.70 |  62.7 steps/s | 23.7 min
[ddqn] ep   570 | step   91568 | avg100   270.97 |  62.6 steps/s | 24.4 min
[ddqn] ep   580 | step   94068 | avg100   308.59 |  62.5 steps/s | 25.1 min
[ddqn] ep   590 | step   96485 | avg100   328.49 |  62.4 steps/s | 25.8 min
[ddqn] ep   600 | step   98849 | avg100   356.34 |  62.4 steps/s | 26.4 min
[ddqn] ep   610 | step  100970 | avg100   380.80 |  62.3 steps/s | 27.0 min
[ddqn] ep   620 | step  103419 | avg100   404.57 |  62.2 steps/s | 27.7 min
[ddqn] ep   630 | step  105919 | avg100   433.33 |  62.1 steps/s | 28.4 min
[ddqn] ep   640 | step  108304 | avg100   460.68 |  62.0 steps/s | 29.1 min
[ddqn] ep   650 | step  110795 | avg100   469.28 |  62.0 steps/s | 29.8 min
[ddqn] ep   660 | step  113005 | avg100   475.42 |  61.9 steps/s | 30.4 min
[ddqn] ep   670 | step  115276 | avg100   480.08 |  61.8 steps/s | 31.1 min
[ddqn] ep   680 | step  117746 | avg100   482.05 |  61.8 steps/s | 31.8 min
[ddqn] ep   690 | step  120147 | avg100   494.45 |  61.7 steps/s | 32.5 min
[ddqn] ep   700 | step  122576 | avg100   498.75 |  61.6 steps/s | 33.1 min
[ddqn] ep   710 | step  124808 | avg100   504.33 |  61.6 steps/s | 33.8 min
[ddqn] ep   720 | step  127000 | avg100   494.09 |  61.5 steps/s | 34.4 min
[ddqn] ep   730 | step  129280 | avg100   490.81 |  61.5 steps/s | 35.0 min
[ddqn] ep   740 | step  131388 | avg100   480.16 |  61.5 steps/s | 35.6 min
[ddqn] ep   750 | step  133562 | avg100   473.60 |  61.4 steps/s | 36.2 min
[ddqn] ep   760 | step  136026 | avg100   492.23 |  61.3 steps/s | 37.0 min
[ddqn] ep   770 | step  138504 | avg100   496.19 |  61.3 steps/s | 37.7 min
[ddqn] ep   780 | step  140889 | avg100   493.77 |  61.2 steps/s | 38.3 min
[ddqn] ep   790 | step  143244 | avg100   492.61 |  61.2 steps/s | 39.0 min
[ddqn] ep   800 | step  145638 | avg100   491.47 |  61.2 steps/s | 39.7 min
[ddqn] ep   810 | step  147878 | avg100   493.59 |  61.1 steps/s | 40.3 min
[ddqn] ep   820 | step  150190 | avg100   495.90 |  61.1 steps/s | 41.0 min
[ddqn] ep   830 | step  152558 | avg100   497.57 |  61.0 steps/s | 41.7 min
[ddqn] ep   840 | step  154863 | avg100   511.41 |  61.0 steps/s | 42.3 min
[ddqn] ep   850 | step  157147 | avg100   523.29 |  60.9 steps/s | 43.0 min
[ddqn] ep   860 | step  159452 | avg100   512.93 |  60.9 steps/s | 43.6 min
[ddqn] ep   870 | step  161945 | avg100   528.78 |  60.8 steps/s | 44.4 min
[ddqn] ep   880 | step  164385 | avg100   540.41 |  60.8 steps/s | 45.1 min
[ddqn] ep   890 | step  166835 | avg100   549.89 |  60.8 steps/s | 45.8 min
[ddqn] ep   900 | step  169322 | avg100   551.96 |  60.7 steps/s | 46.5 min
[ddqn] ep   910 | step  171736 | avg100   552.16 |  60.7 steps/s | 47.2 min
[ddqn] ep   920 | step  174013 | avg100   552.85 |  60.7 steps/s | 47.8 min
[ddqn] ep   930 | step  176435 | avg100   556.23 |  60.6 steps/s | 48.5 min
[ddqn] ep   940 | step  178816 | avg100   557.63 |  60.6 steps/s | 49.2 min
[ddqn] ep   950 | step  181245 | avg100   561.27 |  60.5 steps/s | 49.9 min
[ddqn] ep   960 | step  183555 | avg100   559.72 |  60.5 steps/s | 50.6 min
[ddqn] ep   970 | step  185992 | avg100   566.23 |  60.5 steps/s | 51.2 min
[ddqn] ep   980 | step  188383 | avg100   565.11 |  60.5 steps/s | 51.9 min
[ddqn] ep   990 | step  190647 | avg100   561.30 |  60.4 steps/s | 52.6 min
[ddqn] ep  1000 | step  193006 | avg100   569.85 |  60.4 steps/s | 53.2 min
[ddqn] ep  1010 | step  195376 | avg100   573.53 |  60.4 steps/s | 53.9 min
[ddqn] ep  1020 | step  197747 | avg100   586.44 |  60.4 steps/s | 54.6 min
[ddqn] done. 200000 steps, 1029 episodes, best avg100 591.41, 0.92 h
[dueling_ddqn] ep    10 | step    1221 | avg100    -1.86 |  78.3 steps/s | 0.3 min
[dueling_ddqn] ep    20 | step    2473 | avg100    -2.96 |  77.9 steps/s | 0.5 min
[dueling_ddqn] ep    30 | step    3891 | avg100    -1.88 |  78.3 steps/s | 0.8 min
[dueling_ddqn] ep    40 | step    4913 | avg100    -3.90 |  78.1 steps/s | 1.0 min
[dueling_ddqn] ep    50 | step    6319 | avg100    -3.91 |  73.7 steps/s | 1.4 min
[dueling_ddqn] ep    60 | step    7660 | avg100    -3.84 |  71.2 steps/s | 1.8 min
[dueling_ddqn] ep    70 | step    8846 | avg100    -4.05 |  69.7 steps/s | 2.1 min
[dueling_ddqn] ep    80 | step    9982 | avg100    -4.51 |  68.6 steps/s | 2.4 min
[dueling_ddqn] ep    90 | step   11129 | avg100    -4.68 |  67.9 steps/s | 2.7 min
[dueling_ddqn] ep   100 | step   12496 | avg100    -4.45 |  67.0 steps/s | 3.1 min
[dueling_ddqn] ep   110 | step   14003 | avg100    -3.36 |  66.3 steps/s | 3.5 min
[dueling_ddqn] ep   120 | step   15321 | avg100    -3.47 |  65.8 steps/s | 3.9 min
[dueling_ddqn] ep   130 | step   16594 | avg100    -3.30 |  65.4 steps/s | 4.2 min
[dueling_ddqn] ep   140 | step   17765 | avg100    -2.25 |  65.1 steps/s | 4.6 min
[dueling_ddqn] ep   150 | step   19241 | avg100    -1.60 |  64.7 steps/s | 5.0 min
[dueling_ddqn] ep   160 | step   20535 | avg100    -1.86 |  64.5 steps/s | 5.3 min
[dueling_ddqn] ep   170 | step   22138 | avg100    -0.37 |  64.2 steps/s | 5.7 min
[dueling_ddqn] ep   180 | step   23650 | avg100     1.49 |  64.0 steps/s | 6.2 min
[dueling_ddqn] ep   190 | step   24906 | avg100     1.77 |  63.8 steps/s | 6.5 min
[dueling_ddqn] ep   200 | step   26273 | avg100     2.04 |  63.6 steps/s | 6.9 min
[dueling_ddqn] ep   210 | step   27442 | avg100     0.96 |  63.4 steps/s | 7.2 min
[dueling_ddqn] ep   220 | step   28868 | avg100     2.81 |  63.3 steps/s | 7.6 min
[dueling_ddqn] ep   230 | step   30583 | avg100     3.56 |  63.1 steps/s | 8.1 min
[dueling_ddqn] ep   240 | step   31843 | avg100     4.20 |  63.0 steps/s | 8.4 min
[dueling_ddqn] ep   250 | step   33299 | avg100     5.12 |  62.8 steps/s | 8.8 min
[dueling_ddqn] ep   260 | step   34746 | avg100     6.10 |  62.7 steps/s | 9.2 min
[dueling_ddqn] ep   270 | step   36694 | avg100     7.48 |  62.5 steps/s | 9.8 min
[dueling_ddqn] ep   280 | step   38234 | avg100     6.81 |  62.4 steps/s | 10.2 min
[dueling_ddqn] ep   290 | step   40108 | avg100     9.74 |  62.3 steps/s | 10.7 min
[dueling_ddqn] ep   300 | step   41919 | avg100    10.94 |  62.2 steps/s | 11.2 min
[dueling_ddqn] ep   310 | step   43537 | avg100    12.73 |  62.1 steps/s | 11.7 min
[dueling_ddqn] ep   320 | step   45277 | avg100    14.21 |  61.9 steps/s | 12.2 min
[dueling_ddqn] ep   330 | step   47142 | avg100    17.09 |  61.8 steps/s | 12.7 min
[dueling_ddqn] ep   340 | step   48961 | avg100    22.56 |  61.7 steps/s | 13.2 min
[dueling_ddqn] ep   350 | step   50679 | avg100    25.75 |  61.6 steps/s | 13.7 min
[dueling_ddqn] ep   360 | step   52792 | avg100    34.48 |  61.5 steps/s | 14.3 min
[dueling_ddqn] ep   370 | step   54892 | avg100    42.10 |  61.4 steps/s | 14.9 min
[dueling_ddqn] ep   380 | step   56927 | avg100    49.53 |  61.3 steps/s | 15.5 min
[dueling_ddqn] ep   390 | step   59104 | avg100    59.96 |  61.2 steps/s | 16.1 min
[dueling_ddqn] ep   400 | step   61425 | avg100    74.80 |  61.0 steps/s | 16.8 min
[dueling_ddqn] ep   410 | step   63432 | avg100    84.59 |  61.0 steps/s | 17.3 min
[dueling_ddqn] ep   420 | step   65769 | avg100    97.42 |  60.8 steps/s | 18.0 min
[dueling_ddqn] ep   430 | step   68020 | avg100   110.74 |  60.7 steps/s | 18.7 min
[dueling_ddqn] ep   440 | step   70520 | avg100   137.32 |  60.6 steps/s | 19.4 min
[dueling_ddqn] ep   450 | step   72879 | avg100   159.28 |  60.5 steps/s | 20.1 min
[dueling_ddqn] ep   460 | step   75262 | avg100   180.15 |  60.4 steps/s | 20.8 min
[dueling_ddqn] ep   470 | step   77762 | avg100   205.91 |  60.3 steps/s | 21.5 min
[dueling_ddqn] ep   480 | step   80186 | avg100   233.10 |  60.2 steps/s | 22.2 min
[dueling_ddqn] ep   490 | step   82591 | avg100   249.62 |  60.1 steps/s | 22.9 min
[dueling_ddqn] ep   500 | step   85070 | avg100   271.12 |  60.0 steps/s | 23.6 min
[dueling_ddqn] ep   510 | step   87292 | avg100   294.50 |  59.9 steps/s | 24.3 min
[dueling_ddqn] ep   520 | step   89792 | avg100   325.96 |  59.8 steps/s | 25.0 min
[dueling_ddqn] ep   530 | step   92209 | avg100   357.96 |  59.7 steps/s | 25.7 min
[dueling_ddqn] ep   540 | step   94507 | avg100   370.10 |  59.6 steps/s | 26.4 min
[dueling_ddqn] ep   550 | step   96900 | avg100   393.19 |  59.6 steps/s | 27.1 min
[dueling_ddqn] ep   560 | step   99348 | avg100   412.81 |  59.5 steps/s | 27.9 min
[dueling_ddqn] ep   570 | step  101497 | avg100   423.87 |  59.4 steps/s | 28.5 min
[dueling_ddqn] ep   580 | step  103663 | avg100   433.04 |  59.3 steps/s | 29.1 min
[dueling_ddqn] ep   590 | step  106088 | avg100   463.66 |  59.2 steps/s | 29.8 min
[dueling_ddqn] ep   600 | step  108409 | avg100   481.07 |  59.2 steps/s | 30.5 min
[dueling_ddqn] ep   610 | step  110366 | avg100   480.81 |  59.1 steps/s | 31.1 min
[dueling_ddqn] ep   620 | step  112823 | avg100   495.84 |  59.0 steps/s | 31.9 min
[dueling_ddqn] ep   630 | step  115041 | avg100   481.01 |  59.0 steps/s | 32.5 min
[dueling_ddqn] ep   640 | step  117238 | avg100   484.13 |  58.9 steps/s | 33.2 min
[dueling_ddqn] ep   650 | step  119572 | avg100   488.14 |  58.9 steps/s | 33.9 min
[dueling_ddqn] ep   660 | step  122072 | avg100   494.65 |  58.8 steps/s | 34.6 min
[dueling_ddqn] ep   670 | step  124392 | avg100   513.75 |  58.8 steps/s | 35.3 min
[dueling_ddqn] ep   680 | step  126447 | avg100   516.00 |  58.7 steps/s | 35.9 min
[dueling_ddqn] ep   690 | step  128719 | avg100   502.78 |  58.7 steps/s | 36.6 min
[dueling_ddqn] ep   700 | step  131194 | avg100   506.65 |  58.6 steps/s | 37.3 min
[dueling_ddqn] ep   710 | step  133312 | avg100   517.78 |  58.6 steps/s | 37.9 min
[dueling_ddqn] ep   720 | step  135812 | avg100   513.23 |  58.5 steps/s | 38.7 min
[dueling_ddqn] ep   730 | step  138139 | avg100   531.64 |  58.5 steps/s | 39.4 min
[dueling_ddqn] ep   740 | step  140279 | avg100   539.16 |  58.5 steps/s | 40.0 min
[dueling_ddqn] ep   750 | step  142539 | avg100   536.65 |  58.4 steps/s | 40.7 min
[dueling_ddqn] ep   760 | step  144728 | avg100   531.93 |  58.4 steps/s | 41.3 min
[dueling_ddqn] ep   770 | step  147228 | avg100   536.41 |  58.3 steps/s | 42.1 min
[dueling_ddqn] ep   780 | step  149605 | avg100   557.09 |  58.3 steps/s | 42.8 min
[dueling_ddqn] ep   790 | step  152105 | avg100   580.52 |  58.3 steps/s | 43.5 min
[dueling_ddqn] ep   800 | step  154508 | avg100   590.57 |  58.2 steps/s | 44.2 min
[dueling_ddqn] ep   810 | step  156977 | avg100   625.94 |  58.2 steps/s | 45.0 min
[dueling_ddqn] ep   820 | step  159377 | avg100   621.10 |  58.2 steps/s | 45.7 min
[dueling_ddqn] ep   830 | step  161793 | avg100   631.69 |  58.1 steps/s | 46.4 min
[dueling_ddqn] ep   840 | step  164202 | avg100   655.43 |  58.1 steps/s | 47.1 min
[dueling_ddqn] ep   850 | step  166552 | avg100   675.06 |  58.1 steps/s | 47.8 min
[dueling_ddqn] ep   860 | step  168992 | avg100   697.30 |  58.1 steps/s | 48.5 min
[dueling_ddqn] ep   870 | step  171424 | avg100   702.72 |  58.0 steps/s | 49.2 min
[dueling_ddqn] ep   880 | step  173893 | avg100   708.77 |  58.0 steps/s | 50.0 min
[dueling_ddqn] ep   890 | step  176265 | avg100   713.27 |  58.0 steps/s | 50.7 min
[dueling_ddqn] ep   900 | step  178560 | avg100   709.30 |  58.0 steps/s | 51.3 min
[dueling_ddqn] ep   910 | step  181019 | avg100   703.65 |  57.9 steps/s | 52.1 min
[dueling_ddqn] ep   920 | step  183398 | avg100   725.27 |  57.9 steps/s | 52.8 min
[dueling_ddqn] ep   930 | step  185898 | avg100   744.20 |  57.9 steps/s | 53.5 min
[dueling_ddqn] ep   940 | step  188376 | avg100   734.86 |  57.8 steps/s | 54.3 min
[dueling_ddqn] ep   950 | step  190787 | avg100   731.90 |  57.8 steps/s | 55.0 min
[dueling_ddqn] ep   960 | step  193189 | avg100   723.06 |  57.8 steps/s | 55.7 min
[dueling_ddqn] ep   970 | step  195681 | avg100   726.09 |  57.8 steps/s | 56.5 min
[dueling_ddqn] ep   980 | step  198103 | avg100   724.88 |  57.7 steps/s | 57.2 min
[dueling_ddqn] done. 200000 steps, 988 episodes, best avg100 744.69, 0.96 h
Traceback (most recent call last):
  File "/Users/will/aiea-internship/task9-benchmark-framework/rl_benchmark.py", line 1424, in <module>
    main()
    ~~~~^^
  File "/Users/will/aiea-internship/task9-benchmark-framework/rl_benchmark.py", line 1419, in main
    make_figures(args.out_dir, names)
    ~~~~~~~~~~~~^^^^^^^^^^^^^^^^^^^^^
  File "/Users/will/aiea-internship/task9-benchmark-framework/rl_benchmark.py", line 1259, in make_figures
    data = _load_runs(out_dir, names)
  File "/Users/will/aiea-internship/task9-benchmark-framework/rl_benchmark.py", line 1072, in _load_runs
    import pandas as pd
ModuleNotFoundError: No module named 'pandas'
