sweeping lr over [0.0001, 0.00025, 0.0005] on ddqn
[ddqn_lr0.0001] ep    10 | step    1221 | avg100    -1.86 |  77.9 steps/s | 0.3 min
[ddqn_lr0.0001] ep    20 | step    2473 | avg100    -2.96 |  78.1 steps/s | 0.5 min
[ddqn_lr0.0001] ep    30 | step    3891 | avg100    -1.88 |  78.5 steps/s | 0.8 min
[ddqn_lr0.0001] ep    40 | step    4913 | avg100    -3.90 |  77.9 steps/s | 1.1 min
[ddqn_lr0.0001] ep    50 | step    6288 | avg100    -4.49 |  74.6 steps/s | 1.4 min
[ddqn_lr0.0001] ep    60 | step    7648 | avg100    -4.37 |  73.0 steps/s | 1.7 min
[ddqn_lr0.0001] ep    70 | step    8879 | avg100    -4.46 |  71.9 steps/s | 2.1 min
[ddqn_lr0.0001] ep    80 | step   10220 | avg100    -4.43 |  71.2 steps/s | 2.4 min
[ddqn_lr0.0001] ep    90 | step   11580 | avg100    -4.03 |  70.7 steps/s | 2.7 min
[ddqn_lr0.0001] ep   100 | step   13039 | avg100    -3.69 |  70.0 steps/s | 3.1 min
[ddqn_lr0.0001] ep   110 | step   14468 | avg100    -3.52 |  69.4 steps/s | 3.5 min
[ddqn_lr0.0001] ep   120 | step   15884 | avg100    -3.57 |  69.0 steps/s | 3.8 min
[ddqn_lr0.0001] ep   130 | step   17004 | avg100    -4.02 |  68.7 steps/s | 4.1 min
[ddqn_lr0.0001] ep   140 | step   18287 | avg100    -2.97 |  68.4 steps/s | 4.5 min
[ddqn_lr0.0001] ep   150 | step   19808 | avg100    -1.90 |  68.0 steps/s | 4.9 min
[ddqn_lr0.0001] ep   160 | step   21086 | avg100    -1.91 |  67.7 steps/s | 5.2 min
[ddqn_lr0.0001] ep   170 | step   22320 | avg100    -2.12 |  67.5 steps/s | 5.5 min
[ddqn_lr0.0001] ep   180 | step   23675 | avg100    -1.71 |  67.4 steps/s | 5.9 min
[ddqn_lr0.0001] ep   190 | step   25150 | avg100    -0.82 |  67.2 steps/s | 6.2 min
[ddqn_lr0.0001] ep   200 | step   26549 | avg100    -0.97 |  67.0 steps/s | 6.6 min
[ddqn_lr0.0001] ep   210 | step   27941 | avg100    -0.94 |  66.8 steps/s | 7.0 min
[ddqn_lr0.0001] ep   220 | step   29265 | avg100    -0.20 |  66.7 steps/s | 7.3 min
[ddqn_lr0.0001] ep   230 | step   30773 | avg100     0.95 |  66.5 steps/s | 7.7 min
[ddqn_lr0.0001] ep   240 | step   32000 | avg100     0.95 |  66.4 steps/s | 8.0 min
[ddqn_lr0.0001] ep   250 | step   33167 | avg100    -0.14 |  66.2 steps/s | 8.3 min
[ddqn_lr0.0001] ep   260 | step   34426 | avg100     0.57 |  66.1 steps/s | 8.7 min
[ddqn_lr0.0001] ep   270 | step   35815 | avg100     1.92 |  66.0 steps/s | 9.0 min
[ddqn_lr0.0001] ep   280 | step   37121 | avg100     2.34 |  65.9 steps/s | 9.4 min
[ddqn_lr0.0001] ep   290 | step   38450 | avg100     1.79 |  65.8 steps/s | 9.7 min
[ddqn_lr0.0001] ep   300 | step   39802 | avg100     2.89 |  65.7 steps/s | 10.1 min
[ddqn_lr0.0001] ep   310 | step   41128 | avg100     2.93 |  65.6 steps/s | 10.4 min
[ddqn_lr0.0001] ep   320 | step   42551 | avg100     3.42 |  65.5 steps/s | 10.8 min
[ddqn_lr0.0001] ep   330 | step   43964 | avg100     3.73 |  65.5 steps/s | 11.2 min
[ddqn_lr0.0001] ep   340 | step   45235 | avg100     4.80 |  65.4 steps/s | 11.5 min
[ddqn_lr0.0001] ep   350 | step   46986 | avg100     7.51 |  65.3 steps/s | 12.0 min
[ddqn_lr0.0001] ep   360 | step   48617 | avg100    10.06 |  65.2 steps/s | 12.4 min
[ddqn_lr0.0001] ep   370 | step   50221 | avg100    11.78 |  65.1 steps/s | 12.9 min
[ddqn_lr0.0001] ep   380 | step   51869 | avg100    13.88 |  65.0 steps/s | 13.3 min
[ddqn_lr0.0001] ep   390 | step   53680 | avg100    16.81 |  64.9 steps/s | 13.8 min
[ddqn_lr0.0001] ep   400 | step   55409 | avg100    18.46 |  64.8 steps/s | 14.3 min
[ddqn_lr0.0001] ep   410 | step   57100 | avg100    22.85 |  64.7 steps/s | 14.7 min
[ddqn_lr0.0001] ep   420 | step   58651 | avg100    24.39 |  64.6 steps/s | 15.1 min
[ddqn_lr0.0001] ep   430 | step   60231 | avg100    26.32 |  64.5 steps/s | 15.6 min
[ddqn_lr0.0001] ep   440 | step   62161 | avg100    28.49 |  64.4 steps/s | 16.1 min
[ddqn_lr0.0001] ep   450 | step   63714 | avg100    28.49 |  64.4 steps/s | 16.5 min
[ddqn_lr0.0001] ep   460 | step   65535 | avg100    28.33 |  64.3 steps/s | 17.0 min
[ddqn_lr0.0001] ep   470 | step   67295 | avg100    28.59 |  64.2 steps/s | 17.5 min
[ddqn_lr0.0001] ep   480 | step   69312 | avg100    30.83 |  64.1 steps/s | 18.0 min
[ddqn_lr0.0001] ep   490 | step   71504 | avg100    34.03 |  64.0 steps/s | 18.6 min
[ddqn_lr0.0001] ep   500 | step   73197 | avg100    36.68 |  64.0 steps/s | 19.1 min
[ddqn_lr0.0001] done. 75000 steps, 508 episodes, best avg100 38.47, 0.33 h
[ddqn_lr0.00025] ep    10 | step    1221 | avg100    -1.86 |  79.6 steps/s | 0.3 min
[ddqn_lr0.00025] ep    20 | step    2473 | avg100    -2.96 |  79.3 steps/s | 0.5 min
[ddqn_lr0.00025] ep    30 | step    3891 | avg100    -1.88 |  79.8 steps/s | 0.8 min
[ddqn_lr0.00025] ep    40 | step    4913 | avg100    -3.90 |  79.6 steps/s | 1.0 min
[ddqn_lr0.00025] ep    50 | step    6316 | avg100    -3.75 |  76.4 steps/s | 1.4 min
[ddqn_lr0.00025] ep    60 | step    7815 | avg100    -3.09 |  74.3 steps/s | 1.8 min
[ddqn_lr0.00025] ep    70 | step    9005 | avg100    -2.98 |  72.9 steps/s | 2.1 min
[ddqn_lr0.00025] ep    80 | step   10321 | avg100    -3.29 |  71.9 steps/s | 2.4 min
[ddqn_lr0.00025] ep    90 | step   11451 | avg100    -3.68 |  71.3 steps/s | 2.7 min
[ddqn_lr0.00025] ep   100 | step   12774 | avg100    -3.69 |  70.5 steps/s | 3.0 min
[ddqn_lr0.00025] ep   110 | step   14160 | avg100    -3.42 |  70.0 steps/s | 3.4 min
[ddqn_lr0.00025] ep   120 | step   15598 | avg100    -3.46 |  69.4 steps/s | 3.7 min
[ddqn_lr0.00025] ep   130 | step   17010 | avg100    -3.24 |  69.0 steps/s | 4.1 min
[ddqn_lr0.00025] ep   140 | step   18171 | avg100    -2.52 |  68.7 steps/s | 4.4 min
[ddqn_lr0.00025] ep   150 | step   19360 | avg100    -2.33 |  68.4 steps/s | 4.7 min
[ddqn_lr0.00025] ep   160 | step   20584 | avg100    -3.03 |  68.1 steps/s | 5.0 min
[ddqn_lr0.00025] ep   170 | step   21773 | avg100    -3.57 |  67.9 steps/s | 5.3 min
[ddqn_lr0.00025] ep   180 | step   22941 | avg100    -3.57 |  67.8 steps/s | 5.6 min
[ddqn_lr0.00025] ep   190 | step   24200 | avg100    -3.12 |  67.5 steps/s | 6.0 min
[ddqn_lr0.00025] ep   200 | step   25337 | avg100    -3.26 |  67.4 steps/s | 6.3 min
[ddqn_lr0.00025] ep   210 | step   26649 | avg100    -3.54 |  67.2 steps/s | 6.6 min
[ddqn_lr0.00025] ep   220 | step   27919 | avg100    -3.58 |  67.0 steps/s | 6.9 min
[ddqn_lr0.00025] ep   230 | step   29264 | avg100    -3.61 |  66.9 steps/s | 7.3 min
[ddqn_lr0.00025] ep   240 | step   30614 | avg100    -3.43 |  66.8 steps/s | 7.6 min
[ddqn_lr0.00025] ep   250 | step   31914 | avg100    -3.34 |  66.6 steps/s | 8.0 min
[ddqn_lr0.00025] ep   260 | step   33103 | avg100    -3.08 |  66.5 steps/s | 8.3 min
[ddqn_lr0.00025] ep   270 | step   34593 | avg100    -2.16 |  66.4 steps/s | 8.7 min
[ddqn_lr0.00025] ep   280 | step   36073 | avg100    -1.19 |  66.2 steps/s | 9.1 min
[ddqn_lr0.00025] ep   290 | step   37485 | avg100    -0.17 |  66.1 steps/s | 9.5 min
[ddqn_lr0.00025] ep   300 | step   38840 | avg100    -0.04 |  65.9 steps/s | 9.8 min
[ddqn_lr0.00025] ep   310 | step   40166 | avg100    -0.01 |  65.8 steps/s | 10.2 min
[ddqn_lr0.00025] ep   320 | step   41710 | avg100     0.84 |  65.7 steps/s | 10.6 min
[ddqn_lr0.00025] ep   330 | step   43528 | avg100     2.56 |  65.6 steps/s | 11.1 min
[ddqn_lr0.00025] ep   340 | step   44941 | avg100     3.08 |  65.5 steps/s | 11.4 min
[ddqn_lr0.00025] ep   350 | step   46285 | avg100     3.64 |  65.4 steps/s | 11.8 min
[ddqn_lr0.00025] ep   360 | step   48133 | avg100     8.35 |  65.3 steps/s | 12.3 min
[ddqn_lr0.00025] ep   370 | step   49573 | avg100     8.67 |  65.2 steps/s | 12.7 min
[ddqn_lr0.00025] ep   380 | step   51430 | avg100    10.92 |  65.1 steps/s | 13.2 min
[ddqn_lr0.00025] ep   390 | step   53284 | avg100    15.34 |  65.0 steps/s | 13.7 min
[ddqn_lr0.00025] ep   400 | step   55357 | avg100    19.42 |  64.8 steps/s | 14.2 min
[ddqn_lr0.00025] ep   410 | step   57346 | avg100    23.39 |  64.7 steps/s | 14.8 min
[ddqn_lr0.00025] ep   420 | step   59403 | avg100    30.35 |  64.6 steps/s | 15.3 min
[ddqn_lr0.00025] ep   430 | step   61332 | avg100    34.15 |  64.5 steps/s | 15.9 min
[ddqn_lr0.00025] ep   440 | step   63235 | avg100    42.72 |  64.4 steps/s | 16.4 min
[ddqn_lr0.00025] ep   450 | step   65134 | avg100    50.16 |  64.3 steps/s | 16.9 min
[ddqn_lr0.00025] ep   460 | step   67112 | avg100    55.85 |  64.2 steps/s | 17.4 min
[ddqn_lr0.00025] ep   470 | step   69062 | avg100    64.47 |  64.1 steps/s | 18.0 min
[ddqn_lr0.00025] ep   480 | step   70910 | avg100    74.39 |  64.0 steps/s | 18.5 min
[ddqn_lr0.00025] ep   490 | step   73086 | avg100    89.72 |  63.9 steps/s | 19.1 min
[ddqn_lr0.00025] done. 75000 steps, 499 episodes, best avg100 107.38, 0.33 h
[ddqn_lr0.0005] ep    10 | step    1221 | avg100    -1.86 |  79.6 steps/s | 0.3 min
[ddqn_lr0.0005] ep    20 | step    2473 | avg100    -2.96 |  79.3 steps/s | 0.5 min
[ddqn_lr0.0005] ep    30 | step    3891 | avg100    -1.88 |  79.8 steps/s | 0.8 min
[ddqn_lr0.0005] ep    40 | step    4913 | avg100    -3.90 |  79.6 steps/s | 1.0 min
[ddqn_lr0.0005] ep    50 | step    6172 | avg100    -4.29 |  76.7 steps/s | 1.3 min
[ddqn_lr0.0005] ep    60 | step    7372 | avg100    -4.83 |  74.7 steps/s | 1.6 min
[ddqn_lr0.0005] ep    70 | step    8647 | avg100    -4.62 |  73.3 steps/s | 2.0 min
[ddqn_lr0.0005] ep    80 | step    9880 | avg100    -4.70 |  72.2 steps/s | 2.3 min
[ddqn_lr0.0005] ep    90 | step   11039 | avg100    -4.66 |  71.6 steps/s | 2.6 min
[ddqn_lr0.0005] ep   100 | step   12291 | avg100    -4.51 |  70.9 steps/s | 2.9 min
[ddqn_lr0.0005] ep   110 | step   13666 | avg100    -4.05 |  70.3 steps/s | 3.2 min
[ddqn_lr0.0005] ep   120 | step   14781 | avg100    -4.75 |  69.8 steps/s | 3.5 min
[ddqn_lr0.0005] ep   130 | step   16085 | avg100    -5.19 |  69.4 steps/s | 3.9 min
[ddqn_lr0.0005] ep   140 | step   17365 | avg100    -3.96 |  69.0 steps/s | 4.2 min
[ddqn_lr0.0005] ep   150 | step   18562 | avg100    -3.77 |  68.8 steps/s | 4.5 min
[ddqn_lr0.0005] ep   160 | step   19924 | avg100    -3.30 |  68.5 steps/s | 4.8 min
[ddqn_lr0.0005] ep   170 | step   21100 | avg100    -3.83 |  68.2 steps/s | 5.2 min
[ddqn_lr0.0005] ep   180 | step   22244 | avg100    -3.88 |  68.1 steps/s | 5.4 min
[ddqn_lr0.0005] ep   190 | step   23445 | avg100    -3.95 |  67.9 steps/s | 5.8 min
[ddqn_lr0.0005] ep   200 | step   24707 | avg100    -3.86 |  67.7 steps/s | 6.1 min
[ddqn_lr0.0005] ep   210 | step   25915 | avg100    -5.06 |  67.5 steps/s | 6.4 min
[ddqn_lr0.0005] ep   220 | step   27276 | avg100    -3.84 |  67.3 steps/s | 6.8 min
[ddqn_lr0.0005] ep   230 | step   28583 | avg100    -3.80 |  67.2 steps/s | 7.1 min
[ddqn_lr0.0005] ep   240 | step   29662 | avg100    -4.86 |  67.1 steps/s | 7.4 min
[ddqn_lr0.0005] ep   250 | step   31060 | avg100    -4.53 |  66.9 steps/s | 7.7 min
[ddqn_lr0.0005] ep   260 | step   32540 | avg100    -3.84 |  66.7 steps/s | 8.1 min
[ddqn_lr0.0005] ep   270 | step   34025 | avg100    -3.25 |  66.6 steps/s | 8.5 min
[ddqn_lr0.0005] ep   280 | step   35472 | avg100    -2.52 |  66.4 steps/s | 8.9 min
[ddqn_lr0.0005] ep   290 | step   36972 | avg100    -1.43 |  66.3 steps/s | 9.3 min
[ddqn_lr0.0005] ep   300 | step   38461 | avg100    -1.14 |  66.2 steps/s | 9.7 min
[ddqn_lr0.0005] ep   310 | step   39831 | avg100    -0.53 |  66.0 steps/s | 10.1 min
[ddqn_lr0.0005] ep   320 | step   41573 | avg100     0.98 |  65.9 steps/s | 10.5 min
[ddqn_lr0.0005] ep   330 | step   43014 | avg100     1.71 |  65.8 steps/s | 10.9 min
[ddqn_lr0.0005] ep   340 | step   44382 | avg100     3.04 |  65.7 steps/s | 11.3 min
[ddqn_lr0.0005] ep   350 | step   46128 | avg100     5.86 |  65.6 steps/s | 11.7 min
[ddqn_lr0.0005] ep   360 | step   47849 | avg100     8.35 |  65.4 steps/s | 12.2 min
[ddqn_lr0.0005] ep   370 | step   49967 | avg100    14.59 |  65.3 steps/s | 12.8 min
[ddqn_lr0.0005] ep   380 | step   51916 | avg100    19.74 |  65.1 steps/s | 13.3 min
[ddqn_lr0.0005] ep   390 | step   53913 | avg100    28.41 |  65.0 steps/s | 13.8 min
[ddqn_lr0.0005] ep   400 | step   55944 | avg100    34.68 |  64.9 steps/s | 14.4 min
[ddqn_lr0.0005] ep   410 | step   57755 | avg100    41.96 |  64.8 steps/s | 14.9 min
[ddqn_lr0.0005] ep   420 | step   59794 | avg100    49.88 |  64.6 steps/s | 15.4 min
[ddqn_lr0.0005] ep   430 | step   61729 | avg100    54.88 |  64.5 steps/s | 15.9 min
[ddqn_lr0.0005] ep   440 | step   64229 | avg100    65.32 |  64.4 steps/s | 16.6 min
[ddqn_lr0.0005] ep   450 | step   66315 | avg100    70.69 |  64.3 steps/s | 17.2 min
[ddqn_lr0.0005] ep   460 | step   68594 | avg100    78.66 |  64.1 steps/s | 17.8 min
[ddqn_lr0.0005] ep   470 | step   70167 | avg100    77.07 |  64.1 steps/s | 18.3 min
[ddqn_lr0.0005] ep   480 | step   72340 | avg100    80.10 |  64.0 steps/s | 18.9 min
[ddqn_lr0.0005] ep   490 | step   74551 | avg100    84.40 |  63.8 steps/s | 19.5 min
[ddqn_lr0.0005] done. 75000 steps, 491 episodes, best avg100 84.57, 0.33 h
Matplotlib is building the font cache; this may take a moment.
