device: mps
target network: OFF (2013 paper as published)
ep    10 | step     1221 | reward     6.88 | avg100    -1.86 | eps 0.989 | q     nan |   73.7 steps/s | 0.3 min
ep    20 | step     2473 | reward     3.04 | avg100    -2.96 | eps 0.978 | q     nan |   73.2 steps/s | 0.6 min
ep    30 | step     3891 | reward     9.20 | avg100    -1.88 | eps 0.965 | q     nan |   73.4 steps/s | 0.9 min
ep    40 | step     4913 | reward   -17.12 | avg100    -3.90 | eps 0.956 | q     nan |   73.1 steps/s | 1.1 min
ep    50 | step     6211 | reward    -2.13 | avg100    -4.12 | eps 0.944 | q  -10.09 |   69.5 steps/s | 1.5 min
ep    60 | step     7379 | reward   -10.30 | avg100    -4.75 | eps 0.934 | q   -8.92 |   68.2 steps/s | 1.8 min
ep    70 | step     8795 | reward     2.24 | avg100    -4.64 | eps 0.921 | q   -8.89 |   67.1 steps/s | 2.2 min
ep    80 | step    10100 | reward    -9.03 | avg100    -4.68 | eps 0.909 | q  -14.15 |   66.3 steps/s | 2.5 min
ep    90 | step    11337 | reward     7.40 | avg100    -4.80 | eps 0.898 | q  -14.06 |   65.8 steps/s | 2.9 min
ep   100 | step    12496 | reward    -8.55 | avg100    -4.90 | eps 0.888 | q  -13.89 |   65.4 steps/s | 3.2 min
ep   110 | step    13966 | reward    -4.45 | avg100    -4.32 | eps 0.874 | q  -12.36 |   64.9 steps/s | 3.6 min
ep   120 | step    15230 | reward    -3.90 | avg100    -4.52 | eps 0.863 | q  -10.11 |   64.5 steps/s | 3.9 min
ep   130 | step    16567 | reward     0.62 | avg100    -4.94 | eps 0.851 | q  -14.86 |   64.2 steps/s | 4.3 min
ep   140 | step    17936 | reward     9.84 | avg100    -4.29 | eps 0.839 | q  -15.13 |   63.7 steps/s | 4.7 min
ep   150 | step    19372 | reward    -8.37 | avg100    -3.00 | eps 0.826 | q  -12.77 |   63.4 steps/s | 5.1 min
ep   160 | step    20599 | reward   -10.10 | avg100    -2.84 | eps 0.815 | q  -13.34 |   63.0 steps/s | 5.4 min
ep   170 | step    21838 | reward    -4.79 | avg100    -2.46 | eps 0.803 | q  -15.35 |   62.9 steps/s | 5.8 min
ep   180 | step    23088 | reward    -8.71 | avg100    -2.42 | eps 0.792 | q  -16.64 |   62.8 steps/s | 6.1 min
ep   190 | step    24347 | reward    -0.97 | avg100    -2.42 | eps 0.781 | q  -15.56 |   62.8 steps/s | 6.5 min
ep   200 | step    25675 | reward   -14.79 | avg100    -2.40 | eps 0.769 | q  -12.67 |   62.9 steps/s | 6.8 min
ep   210 | step    27113 | reward    11.31 | avg100    -2.75 | eps 0.756 | q  -19.66 |   63.0 steps/s | 7.2 min
ep   220 | step    28613 | reward     1.91 | avg100    -1.78 | eps 0.742 | q  -15.90 |   63.1 steps/s | 7.6 min
ep   230 | step    29929 | reward   -13.42 | avg100    -1.77 | eps 0.731 | q  -17.92 |   63.2 steps/s | 7.9 min
ep   240 | step    31264 | reward    -5.31 | avg100    -1.73 | eps 0.719 | q  -19.19 |   63.2 steps/s | 8.2 min
ep   250 | step    32579 | reward    18.33 | avg100    -2.39 | eps 0.707 | q  -16.45 |   63.3 steps/s | 8.6 min
ep   260 | step    34120 | reward     6.98 | avg100    -1.23 | eps 0.693 | q  -15.76 |   63.3 steps/s | 9.0 min
ep   270 | step    35749 | reward     5.25 | avg100     0.38 | eps 0.678 | q  -15.98 |   63.3 steps/s | 9.4 min
ep   280 | step    37127 | reward   -12.66 | avg100     1.58 | eps 0.666 | q  -15.24 |   63.2 steps/s | 9.8 min
ep   290 | step    38709 | reward    -3.11 | avg100     4.14 | eps 0.652 | q  -15.89 |   63.2 steps/s | 10.2 min
ep   300 | step    40275 | reward    24.91 | avg100     6.60 | eps 0.638 | q  -20.69 |   63.2 steps/s | 10.6 min
ep   310 | step    41966 | reward   150.92 | avg100     8.93 | eps 0.622 | q  -17.50 |   63.2 steps/s | 11.1 min
ep   320 | step    43472 | reward    49.96 | avg100    10.09 | eps 0.609 | q  -18.03 |   63.2 steps/s | 11.5 min
ep   330 | step    44810 | reward    12.00 | avg100    11.85 | eps 0.597 | q  -16.07 |   63.2 steps/s | 11.8 min
ep   340 | step    46426 | reward    13.44 | avg100    15.50 | eps 0.582 | q  -12.84 |   63.2 steps/s | 12.2 min
ep   350 | step    48133 | reward    14.02 | avg100    19.90 | eps 0.567 | q  -10.75 |   63.2 steps/s | 12.7 min
ep   360 | step    49959 | reward    70.53 | avg100    26.24 | eps 0.550 | q  -11.20 |   63.1 steps/s | 13.2 min
ep   370 | step    52009 | reward   207.76 | avg100    34.02 | eps 0.532 | q  -15.58 |   63.1 steps/s | 13.7 min
ep   380 | step    53754 | reward    65.61 | avg100    40.61 | eps 0.516 | q  -12.41 |   63.1 steps/s | 14.2 min
ep   390 | step    55410 | reward     6.10 | avg100    42.94 | eps 0.501 | q   -8.64 |   63.0 steps/s | 14.7 min
ep   400 | step    56995 | reward    73.73 | avg100    46.38 | eps 0.487 | q   -9.34 |   63.0 steps/s | 15.1 min
ep   410 | step    58571 | reward   231.17 | avg100    49.80 | eps 0.473 | q   -9.05 |   62.9 steps/s | 15.5 min
ep   420 | step    60536 | reward    99.34 | avg100    57.55 | eps 0.455 | q  -12.22 |   62.9 steps/s | 16.1 min
ep   430 | step    62048 | reward   129.09 | avg100    62.95 | eps 0.442 | q  -10.37 |   62.8 steps/s | 16.5 min
ep   440 | step    64010 | reward   138.37 | avg100    72.24 | eps 0.424 | q  -11.13 |   62.8 steps/s | 17.0 min
ep   450 | step    66015 | reward    22.33 | avg100    80.45 | eps 0.406 | q   -3.15 |   62.7 steps/s | 17.5 min
ep   460 | step    67740 | reward     6.12 | avg100    84.80 | eps 0.390 | q   -6.04 |   62.7 steps/s | 18.0 min
ep   470 | step    69332 | reward    -8.28 | avg100    82.03 | eps 0.376 | q    0.21 |   62.6 steps/s | 18.4 min
ep   480 | step    71192 | reward   150.72 | avg100    88.53 | eps 0.359 | q    2.75 |   62.6 steps/s | 19.0 min
ep   490 | step    73092 | reward   346.60 | avg100    96.84 | eps 0.342 | q   16.26 |   62.6 steps/s | 19.5 min
ep   500 | step    74910 | reward    81.69 | avg100   100.93 | eps 0.326 | q   16.08 |   62.5 steps/s | 20.0 min
ep   510 | step    76891 | reward     3.37 | avg100   107.05 | eps 0.308 | q   11.96 |   62.5 steps/s | 20.5 min
ep   520 | step    78833 | reward   320.49 | avg100   113.40 | eps 0.291 | q   31.71 |   62.4 steps/s | 21.1 min
ep   530 | step    80423 | reward    66.31 | avg100   113.30 | eps 0.276 | q   38.34 |   62.4 steps/s | 21.5 min
ep   540 | step    82371 | reward   163.91 | avg100   116.39 | eps 0.259 | q   36.06 |   62.3 steps/s | 22.0 min
ep   550 | step    84415 | reward   212.29 | avg100   116.86 | eps 0.240 | q   29.33 |   62.2 steps/s | 22.6 min
ep   560 | step    86605 | reward    14.12 | avg100   129.89 | eps 0.221 | q   42.33 |   62.2 steps/s | 23.2 min
ep   570 | step    88234 | reward   132.84 | avg100   141.34 | eps 0.206 | q   43.47 |   62.1 steps/s | 23.7 min
ep   580 | step    90543 | reward   359.88 | avg100   159.34 | eps 0.185 | q   63.08 |   62.0 steps/s | 24.3 min
ep   590 | step    92464 | reward   112.02 | avg100   173.94 | eps 0.168 | q   61.43 |   62.0 steps/s | 24.9 min
ep   600 | step    94413 | reward   429.62 | avg100   190.94 | eps 0.150 | q   47.18 |   61.9 steps/s | 25.4 min
ep   610 | step    96395 | reward   259.15 | avg100   203.54 | eps 0.132 | q   58.48 |   61.9 steps/s | 26.0 min
ep   620 | step    98665 | reward   326.36 | avg100   230.09 | eps 0.112 | q   53.05 |   61.8 steps/s | 26.6 min
ep   630 | step   100767 | reward   814.20 | avg100   268.40 | eps 0.100 | q   71.51 |   61.7 steps/s | 27.2 min
ep   640 | step   102494 | reward   225.73 | avg100   277.20 | eps 0.100 | q   85.57 |   61.6 steps/s | 27.7 min
ep   650 | step   104317 | reward   111.31 | avg100   306.42 | eps 0.100 | q  101.14 |   61.6 steps/s | 28.2 min
ep   660 | step   106452 | reward   575.18 | avg100   317.07 | eps 0.100 | q  126.17 |   61.5 steps/s | 28.8 min
ep   670 | step   108693 | reward   736.96 | avg100   351.78 | eps 0.100 | q  149.00 |   61.5 steps/s | 29.5 min
ep   680 | step   110614 | reward   130.74 | avg100   348.84 | eps 0.100 | q  121.03 |   61.4 steps/s | 30.0 min
ep   690 | step   112741 | reward   842.95 | avg100   367.08 | eps 0.100 | q  115.75 |   61.4 steps/s | 30.6 min
ep   700 | step   115187 | reward   745.12 | avg100   401.29 | eps 0.100 | q  109.17 |   61.3 steps/s | 31.3 min
ep   710 | step   117319 | reward   503.64 | avg100   414.98 | eps 0.100 | q  169.57 |   61.3 steps/s | 31.9 min
ep   720 | step   119807 | reward   414.85 | avg100   423.02 | eps 0.100 | q  178.31 |   61.2 steps/s | 32.6 min
ep   730 | step   122011 | reward   597.88 | avg100   417.47 | eps 0.100 | q  202.34 |   61.1 steps/s | 33.3 min
ep   740 | step   124206 | reward   299.70 | avg100   422.30 | eps 0.100 | q  175.49 |   61.0 steps/s | 33.9 min
ep   750 | step   126466 | reward   540.26 | avg100   423.11 | eps 0.100 | q  258.40 |   61.0 steps/s | 34.6 min
ep   760 | step   128966 | reward   531.41 | avg100   435.09 | eps 0.100 | q  210.75 |   60.9 steps/s | 35.3 min
ep   770 | step   131302 | reward   440.45 | avg100   428.39 | eps 0.100 | q  218.94 |   60.9 steps/s | 35.9 min
ep   780 | step   133708 | reward   655.02 | avg100   447.80 | eps 0.100 | q  262.21 |   60.9 steps/s | 36.6 min
ep   790 | step   136047 | reward   724.74 | avg100   456.87 | eps 0.100 | q  223.79 |   60.8 steps/s | 37.3 min
ep   800 | step   138547 | reward   496.03 | avg100   448.72 | eps 0.100 | q  234.75 |   60.0 steps/s | 38.5 min
ep   810 | step   141021 | reward   563.99 | avg100   450.56 | eps 0.100 | q  197.17 |   60.0 steps/s | 39.2 min
ep   820 | step   143347 | reward    56.61 | avg100   443.88 | eps 0.100 | q  294.04 |   59.9 steps/s | 39.9 min
ep   830 | step   145847 | reward   303.59 | avg100   453.49 | eps 0.100 | q  234.50 |   59.9 steps/s | 40.6 min
ep   840 | step   148186 | reward   361.89 | avg100   469.54 | eps 0.100 | q  255.90 |   59.8 steps/s | 41.3 min
ep   850 | step   150407 | reward    84.30 | avg100   464.56 | eps 0.100 | q  273.68 |   59.8 steps/s | 41.9 min
ep   860 | step   152593 | reward   698.56 | avg100   460.19 | eps 0.100 | q  276.68 |   59.8 steps/s | 42.5 min
ep   870 | step   155090 | reward   448.42 | avg100   467.90 | eps 0.100 | q  291.92 |   59.8 steps/s | 43.2 min
ep   880 | step   157540 | reward   337.91 | avg100   458.85 | eps 0.100 | q  295.32 |   59.7 steps/s | 44.0 min
ep   890 | step   160039 | reward   364.05 | avg100   452.93 | eps 0.100 | q  293.11 |   59.7 steps/s | 44.7 min
ep   900 | step   162520 | reward   763.51 | avg100   457.46 | eps 0.100 | q  310.40 |   59.7 steps/s | 45.4 min
ep   910 | step   164818 | reward   388.82 | avg100   461.82 | eps 0.100 | q  304.81 |   59.7 steps/s | 46.0 min
ep   920 | step   167107 | reward    97.80 | avg100   467.25 | eps 0.100 | q  289.05 |   59.6 steps/s | 46.7 min
ep   930 | step   169420 | reward   516.57 | avg100   468.89 | eps 0.100 | q  302.32 |   59.6 steps/s | 47.4 min
ep   940 | step   171739 | reward   311.15 | avg100   467.07 | eps 0.100 | q  329.66 |   59.6 steps/s | 48.0 min
ep   950 | step   174168 | reward   195.03 | avg100   473.40 | eps 0.100 | q  285.73 |   59.6 steps/s | 48.7 min
ep   960 | step   176457 | reward   515.92 | avg100   478.95 | eps 0.100 | q  332.53 |   59.5 steps/s | 49.4 min
ep   970 | step   178845 | reward   301.61 | avg100   479.19 | eps 0.100 | q  314.21 |   59.5 steps/s | 50.1 min
ep   980 | step   181296 | reward   276.21 | avg100   496.06 | eps 0.100 | q  380.98 |   59.5 steps/s | 50.8 min
ep   990 | step   183570 | reward   697.10 | avg100   495.88 | eps 0.100 | q  393.36 |   59.5 steps/s | 51.4 min
ep  1000 | step   186019 | reward   687.50 | avg100   506.32 | eps 0.100 | q  414.66 |   59.5 steps/s | 52.1 min
ep  1010 | step   188410 | reward   399.20 | avg100   511.24 | eps 0.100 | q  394.03 |   59.4 steps/s | 52.8 min
ep  1020 | step   190857 | reward   308.55 | avg100   514.86 | eps 0.100 | q  381.19 |   59.4 steps/s | 53.5 min
ep  1030 | step   193328 | reward   471.93 | avg100   525.39 | eps 0.100 | q  361.86 |   59.4 steps/s | 54.2 min
ep  1040 | step   195644 | reward   692.08 | avg100   536.30 | eps 0.100 | q  378.59 |   59.4 steps/s | 54.9 min
ep  1050 | step   198063 | reward   359.65 | avg100   536.16 | eps 0.100 | q  392.98 |   59.4 steps/s | 55.6 min
ep  1060 | step   200450 | reward   596.08 | avg100   549.45 | eps 0.100 | q  368.92 |   59.4 steps/s | 56.3 min
ep  1070 | step   202923 | reward   480.52 | avg100   560.90 | eps 0.100 | q  433.97 |   59.4 steps/s | 57.0 min
ep  1080 | step   205146 | reward   290.07 | avg100   550.25 | eps 0.100 | q  375.15 |   59.3 steps/s | 57.6 min
ep  1090 | step   207646 | reward   474.07 | avg100   561.84 | eps 0.100 | q  443.73 |   59.3 steps/s | 58.3 min
ep  1100 | step   210065 | reward   878.26 | avg100   554.04 | eps 0.100 | q  393.92 |   59.3 steps/s | 59.0 min
ep  1110 | step   212452 | reward    77.89 | avg100   561.04 | eps 0.100 | q  421.83 |   59.3 steps/s | 59.7 min
ep  1120 | step   214823 | reward   712.08 | avg100   560.47 | eps 0.100 | q  396.77 |   59.3 steps/s | 60.4 min
ep  1130 | step   217144 | reward   832.33 | avg100   557.24 | eps 0.100 | q  476.83 |   59.3 steps/s | 61.1 min
ep  1140 | step   219499 | reward   859.46 | avg100   560.43 | eps 0.100 | q  375.60 |   59.3 steps/s | 61.7 min
ep  1150 | step   221973 | reward   520.06 | avg100   578.86 | eps 0.100 | q  378.22 |   59.3 steps/s | 62.4 min
ep  1160 | step   224364 | reward   869.18 | avg100   578.39 | eps 0.100 | q  407.19 |   59.2 steps/s | 63.1 min
ep  1170 | step   226661 | reward   334.31 | avg100   560.00 | eps 0.100 | q  442.82 |   59.2 steps/s | 63.8 min
ep  1180 | step   229049 | reward   823.39 | avg100   567.54 | eps 0.100 | q  445.33 |   59.2 steps/s | 64.5 min
ep  1190 | step   231299 | reward   125.90 | avg100   554.33 | eps 0.100 | q  425.06 |   59.2 steps/s | 65.1 min
ep  1200 | step   233640 | reward   775.86 | avg100   551.97 | eps 0.100 | q  492.97 |   59.2 steps/s | 65.8 min
ep  1210 | step   236039 | reward   626.11 | avg100   548.85 | eps 0.100 | q  447.65 |   59.2 steps/s | 66.4 min
ep  1220 | step   238416 | reward   425.77 | avg100   545.42 | eps 0.100 | q  388.02 |   59.2 steps/s | 67.1 min
ep  1230 | step   240644 | reward   832.66 | avg100   540.83 | eps 0.100 | q  396.69 |   59.2 steps/s | 67.8 min
ep  1240 | step   243144 | reward   540.41 | avg100   562.63 | eps 0.100 | q  455.92 |   59.2 steps/s | 68.5 min
ep  1250 | step   245534 | reward   353.95 | avg100   550.56 | eps 0.100 | q  402.21 |   59.2 steps/s | 69.1 min
ep  1260 | step   247917 | reward   250.22 | avg100   549.76 | eps 0.100 | q  414.73 |   59.2 steps/s | 69.8 min
ep  1270 | step   250278 | reward   643.33 | avg100   559.71 | eps 0.100 | q  442.75 |   59.2 steps/s | 70.5 min
ep  1280 | step   252720 | reward   328.02 | avg100   562.52 | eps 0.100 | q  463.75 |   59.2 steps/s | 71.2 min
ep  1290 | step   255106 | reward   574.33 | avg100   566.16 | eps 0.100 | q  397.28 |   59.1 steps/s | 71.9 min
ep  1300 | step   257385 | reward   757.14 | avg100   568.92 | eps 0.100 | q  431.46 |   59.1 steps/s | 72.5 min
ep  1310 | step   259885 | reward   386.49 | avg100   571.13 | eps 0.100 | q  418.56 |   59.1 steps/s | 73.3 min
ep  1320 | step   262308 | reward   722.53 | avg100   577.69 | eps 0.100 | q  419.77 |   59.1 steps/s | 74.0 min
ep  1330 | step   264738 | reward   170.11 | avg100   581.00 | eps 0.100 | q  435.80 |   59.1 steps/s | 74.7 min
ep  1340 | step   267091 | reward   654.21 | avg100   555.27 | eps 0.100 | q  462.87 |   59.1 steps/s | 75.4 min
ep  1350 | step   269569 | reward   775.46 | avg100   568.30 | eps 0.100 | q  460.33 |   59.1 steps/s | 76.1 min
ep  1360 | step   271860 | reward   770.18 | avg100   565.52 | eps 0.100 | q  437.23 |   59.1 steps/s | 76.7 min
ep  1370 | step   274228 | reward   496.97 | avg100   568.14 | eps 0.100 | q  463.45 |   59.1 steps/s | 77.4 min
ep  1380 | step   276610 | reward   839.29 | avg100   571.43 | eps 0.100 | q  418.91 |   59.0 steps/s | 78.1 min
ep  1390 | step   278935 | reward   653.62 | avg100   571.49 | eps 0.100 | q  390.57 |   59.0 steps/s | 78.8 min
ep  1400 | step   281378 | reward   768.61 | avg100   575.19 | eps 0.100 | q  420.91 |   59.0 steps/s | 79.5 min
ep  1410 | step   283878 | reward   745.02 | avg100   588.15 | eps 0.100 | q  434.76 |   59.0 steps/s | 80.2 min
ep  1420 | step   286361 | reward   849.02 | avg100   592.61 | eps 0.100 | q  461.58 |   59.0 steps/s | 80.9 min
ep  1430 | step   288811 | reward   716.25 | avg100   601.46 | eps 0.100 | q  443.83 |   58.9 steps/s | 81.7 min
ep  1440 | step   291306 | reward   790.00 | avg100   616.72 | eps 0.100 | q  498.68 |   58.9 steps/s | 82.4 min
ep  1450 | step   293787 | reward   419.88 | avg100   614.03 | eps 0.100 | q  448.23 |   57.7 steps/s | 84.9 min
ep  1460 | step   296204 | reward   397.16 | avg100   623.30 | eps 0.100 | q  443.14 |   57.7 steps/s | 85.6 min
ep  1470 | step   298676 | reward   836.62 | avg100   626.14 | eps 0.100 | q  432.95 |   57.7 steps/s | 86.3 min
ep  1480 | step   301004 | reward    53.21 | avg100   626.63 | eps 0.100 | q  488.03 |   57.7 steps/s | 87.0 min
ep  1490 | step   303307 | reward   762.60 | avg100   626.58 | eps 0.100 | q  463.71 |   57.7 steps/s | 87.6 min
ep  1500 | step   305807 | reward   538.23 | avg100   631.44 | eps 0.100 | q  460.88 |   57.7 steps/s | 88.4 min
ep  1510 | step   308198 | reward   696.72 | avg100   624.62 | eps 0.100 | q  452.49 |   57.7 steps/s | 89.1 min
ep  1520 | step   310633 | reward   385.55 | avg100   627.54 | eps 0.100 | q  399.95 |   57.7 steps/s | 89.8 min
ep  1530 | step   313057 | reward   871.93 | avg100   619.39 | eps 0.100 | q  452.88 |   57.7 steps/s | 90.5 min
ep  1540 | step   315504 | reward   535.38 | avg100   609.31 | eps 0.100 | q  458.37 |   57.7 steps/s | 91.2 min
ep  1550 | step   317975 | reward   599.78 | avg100   598.26 | eps 0.100 | q  429.18 |   57.7 steps/s | 91.9 min
ep  1560 | step   320417 | reward   764.77 | avg100   592.03 | eps 0.100 | q  467.96 |   57.7 steps/s | 92.6 min
ep  1570 | step   322828 | reward   655.24 | avg100   591.70 | eps 0.100 | q  467.71 |   57.7 steps/s | 93.3 min
ep  1580 | step   325220 | reward   770.97 | avg100   610.05 | eps 0.100 | q  465.96 |   57.7 steps/s | 94.0 min
ep  1590 | step   327720 | reward   757.14 | avg100   628.28 | eps 0.100 | q  486.17 |   57.7 steps/s | 94.7 min
ep  1600 | step   330220 | reward   776.67 | avg100   629.37 | eps 0.100 | q  387.69 |   57.7 steps/s | 95.4 min
ep  1610 | step   332610 | reward   797.16 | avg100   628.30 | eps 0.100 | q  531.51 |   57.7 steps/s | 96.1 min
ep  1620 | step   335007 | reward   892.28 | avg100   625.85 | eps 0.100 | q  418.01 |   57.7 steps/s | 96.8 min
ep  1630 | step   337318 | reward   325.53 | avg100   624.55 | eps 0.100 | q  471.98 |   57.7 steps/s | 97.5 min
ep  1640 | step   339815 | reward   755.17 | avg100   624.56 | eps 0.100 | q  482.20 |   57.7 steps/s | 98.2 min
ep  1650 | step   342137 | reward   850.82 | avg100   637.45 | eps 0.100 | q  517.85 |   57.7 steps/s | 98.9 min
ep  1660 | step   344548 | reward   523.76 | avg100   639.04 | eps 0.100 | q  536.64 |   57.7 steps/s | 99.6 min
ep  1670 | step   346938 | reward   857.14 | avg100   641.11 | eps 0.100 | q  486.06 |   57.7 steps/s | 100.3 min
ep  1680 | step   349405 | reward   654.78 | avg100   630.52 | eps 0.100 | q  510.44 |   57.7 steps/s | 101.0 min
ep  1690 | step   351823 | reward   834.93 | avg100   628.65 | eps 0.100 | q  491.02 |   57.7 steps/s | 101.7 min
ep  1700 | step   354315 | reward   425.08 | avg100   625.38 | eps 0.100 | q  460.81 |   57.7 steps/s | 102.4 min
ep  1710 | step   356766 | reward   702.72 | avg100   627.79 | eps 0.100 | q  475.48 |   57.3 steps/s | 103.8 min
ep  1720 | step   359182 | reward   803.97 | avg100   638.55 | eps 0.100 | q  434.87 |   57.3 steps/s | 104.4 min
ep  1730 | step   361675 | reward   806.72 | avg100   656.35 | eps 0.100 | q  416.99 |   57.3 steps/s | 105.2 min
ep  1740 | step   364175 | reward   869.35 | avg100   669.96 | eps 0.100 | q  517.27 |   57.3 steps/s | 105.9 min
ep  1750 | step   366655 | reward   796.77 | avg100   675.20 | eps 0.100 | q  488.55 |   57.3 steps/s | 106.6 min
ep  1760 | step   369089 | reward   525.24 | avg100   680.25 | eps 0.100 | q  500.03 |   57.3 steps/s | 107.4 min
ep  1770 | step   371498 | reward   632.84 | avg100   679.96 | eps 0.100 | q  412.96 |   57.3 steps/s | 108.1 min
ep  1780 | step   373725 | reward   134.63 | avg100   671.76 | eps 0.100 | q  448.13 |   57.3 steps/s | 108.8 min
ep  1790 | step   376188 | reward   675.51 | avg100   672.01 | eps 0.100 | q  452.33 |   57.3 steps/s | 109.5 min
ep  1800 | step   378688 | reward   864.54 | avg100   676.58 | eps 0.100 | q  477.30 |   57.3 steps/s | 110.2 min
ep  1810 | step   381183 | reward   438.75 | avg100   686.18 | eps 0.100 | q  476.92 |   57.3 steps/s | 110.9 min
ep  1820 | step   383683 | reward   516.67 | avg100   680.00 | eps 0.100 | q  454.17 |   57.1 steps/s | 112.1 min
ep  1830 | step   386051 | reward   446.67 | avg100   654.26 | eps 0.100 | q  452.67 |   57.1 steps/s | 112.8 min
ep  1840 | step   388442 | reward   718.82 | avg100   644.19 | eps 0.100 | q  432.36 |   56.8 steps/s | 113.9 min
ep  1850 | step   390942 | reward   701.20 | avg100   648.21 | eps 0.100 | q  510.02 |   56.8 steps/s | 114.6 min
ep  1860 | step   393349 | reward   881.34 | avg100   645.16 | eps 0.100 | q  507.08 |   56.8 steps/s | 115.3 min
ep  1870 | step   395849 | reward   631.79 | avg100   649.07 | eps 0.100 | q  471.51 |   56.8 steps/s | 116.1 min
ep  1880 | step   398349 | reward   527.76 | avg100   662.78 | eps 0.100 | q  469.93 |   56.8 steps/s | 116.8 min

done (reached --steps). 400000 steps over 1886 episodes in 1.95 h (117.3 min). best avg100 690.54
